Product: MDK-ARM Standard 5.10
Component: ARM Compiler 5.04 update 1 (build 49)
Tool: armlink [5040049]

==============================================================================

Section Cross References

    main.o(.text) refers to _printf_pad.o(.text) for _printf_pre_padding
    main.o(.text) refers to _printf_percent.o(.ARM.Collect$$_printf_percent$$00000000) for _printf_percent
    main.o(.text) refers to _printf_f.o(.ARM.Collect$$_printf_percent$$00000003) for _printf_f
    main.o(.text) refers to printf1.o(x$fpl$printf1) for _printf_fp_dec
    main.o(.text) refers to adc.o(.text) for Adc_Init
    main.o(.text) refers to dma.o(.text) for MYDMA_Config
    main.o(.text) refers to delay.o(.text) for delay_init
    main.o(.text) refers to misc.o(.text) for NVIC_PriorityGroupConfig
    main.o(.text) refers to usart.o(.text) for uart_init
    main.o(.text) refers to led.o(.text) for LED_Init
    main.o(.text) refers to w25qxx.o(.text) for W25QXX_Init
    main.o(.text) refers to malloc.o(.text) for my_mem_init
    main.o(.text) refers to exfuns.o(.text) for exfuns_init
    main.o(.text) refers to lcd.o(.text) for LCD_Init
    main.o(.text) refers to ff.o(.text) for f_mount
    main.o(.text) refers to fflt_clz.o(x$fpl$ffltu) for __aeabi_ui2f
    main.o(.text) refers to f2d.o(x$fpl$f2d) for __aeabi_f2d
    main.o(.text) refers to dmul.o(x$fpl$dmul) for __aeabi_dmul
    main.o(.text) refers to d2f.o(x$fpl$d2f) for __aeabi_d2f
    main.o(.text) refers to noretval__2sprintf.o(.text) for __2sprintf
    main.o(.text) refers to usmart_config.o(.data) for usmart_dev
    main.o(.text) refers to exfuns.o(.data) for fs
    main.o(.text) refers to lcd.o(.data) for POINT_COLOR
    main.o(.text) refers to main.o(.bss) for fil
    main.o(.text) refers to main.o(.data) for bww
    system_stm32f10x.o(.text) refers to system_stm32f10x.o(.data) for SystemCoreClock
    led.o(.text) refers to stm32f10x_rcc.o(.text) for RCC_APB2PeriphClockCmd
    led.o(.text) refers to stm32f10x_gpio.o(.text) for GPIO_Init
    key.o(.text) refers to stm32f10x_rcc.o(.text) for RCC_APB2PeriphClockCmd
    key.o(.text) refers to stm32f10x_gpio.o(.text) for GPIO_Init
    key.o(.text) refers to delay.o(.text) for delay_ms
    key.o(.text) refers to key.o(.data) for key_up
    lcd.o(.text) refers to _printf_percent.o(.ARM.Collect$$_printf_percent$$00000000) for _printf_percent
    lcd.o(.text) refers to _printf_x.o(.ARM.Collect$$_printf_percent$$0000000C) for _printf_x
    lcd.o(.text) refers to _printf_hex_int.o(.text) for _printf_longlong_hex
    lcd.o(.text) refers to delay.o(.text) for delay_us
    lcd.o(.text) refers to lcd.o(.bss) for lcddev
    lcd.o(.text) refers to lcd.o(.data) for POINT_COLOR
    lcd.o(.text) refers to dflt_clz.o(x$fpl$dfltu) for __aeabi_ui2d
    lcd.o(.text) refers to dmul.o(x$fpl$dmul) for __aeabi_dmul
    lcd.o(.text) refers to dfixu.o(x$fpl$dfixu) for __aeabi_d2uiz
    lcd.o(.text) refers to stm32f10x_rcc.o(.text) for RCC_AHBPeriphClockCmd
    lcd.o(.text) refers to stm32f10x_gpio.o(.text) for GPIO_Init
    lcd.o(.text) refers to stm32f10x_fsmc.o(.text) for FSMC_NORSRAMInit
    lcd.o(.text) refers to noretval__2printf.o(.text) for __2printf
    lcd.o(.text) refers to lcd.o(.constdata) for asc2_1206
    spi.o(.text) refers to stm32f10x_spi.o(.text) for SPI_I2S_GetFlagStatus
    spi.o(.text) refers to stm32f10x_rcc.o(.text) for RCC_APB2PeriphClockCmd
    spi.o(.text) refers to stm32f10x_gpio.o(.text) for GPIO_Init
    w25qxx.o(.text) refers to _printf_percent.o(.ARM.Collect$$_printf_percent$$00000000) for _printf_percent
    w25qxx.o(.text) refers to _printf_x.o(.ARM.Collect$$_printf_percent$$0000000C) for _printf_x
    w25qxx.o(.text) refers to _printf_hex_int.o(.text) for _printf_longlong_hex
    w25qxx.o(.text) refers to spi.o(.text) for SPI2_ReadWriteByte
    w25qxx.o(.text) refers to stm32f10x_rcc.o(.text) for RCC_APB2PeriphClockCmd
    w25qxx.o(.text) refers to stm32f10x_gpio.o(.text) for GPIO_Init
    w25qxx.o(.text) refers to noretval__2printf.o(.text) for __2printf
    w25qxx.o(.text) refers to delay.o(.text) for delay_us
    w25qxx.o(.text) refers to w25qxx.o(.data) for W25QXX_TYPE
    w25qxx.o(.text) refers to w25qxx.o(.bss) for W25QXX_BUFFER
    sdio_sdcard.o(.text) refers to stm32f10x_sdio.o(.text) for SDIO_GetFlagStatus
    sdio_sdcard.o(.text) refers to sdio_sdcard.o(.data) for DeviceMode
    sdio_sdcard.o(.text) refers to sdio_sdcard.o(.bss) for SDIO_CmdInitStructure
    sdio_sdcard.o(.text) refers to stm32f10x_rcc.o(.text) for RCC_APB2PeriphClockCmd
    sdio_sdcard.o(.text) refers to stm32f10x_gpio.o(.text) for GPIO_Init
    sdio_sdcard.o(.text) refers to misc.o(.text) for NVIC_Init
    sdio_sdcard.o(.text) refers to stm32f10x_dma.o(.text) for DMA_DeInit
    sdio_sdcard.o(.text) refers to sys.o(.text) for INTX_DISABLE
    sdio_sdcard.o(.text) refers to rt_memcpy_v6.o(.text) for __aeabi_memcpy
    adc.o(.text) refers to stm32f10x_rcc.o(.text) for RCC_APB2PeriphClockCmd
[...]
    SystemCoreClockUpdate                    0x0800069d   Thumb Code   142  system_stm32f10x.o(.text)
    LED_Init                                 0x08000751   Thumb Code    68  led.o(.text)
    LCD_WR_REG                               0x0800079d   Thumb Code     6  lcd.o(.text)
    LCD_WR_DATA                              0x080007a3   Thumb Code     8  lcd.o(.text)
    LCD_RD_DATA                              0x080007ab   Thumb Code    16  lcd.o(.text)
    LCD_WriteReg                             0x080007bb   Thumb Code    10  lcd.o(.text)
    LCD_ReadReg                              0x080007c5   Thumb Code    22  lcd.o(.text)
    LCD_WriteRAM_Prepare                     0x080007db   Thumb Code    10  lcd.o(.text)
    LCD_WriteRAM                             0x080007e5   Thumb Code     8  lcd.o(.text)
    LCD_BGR2RGB                              0x080007ed   Thumb Code    26  lcd.o(.text)
    opt_delay                                0x08000807   Thumb Code    14  lcd.o(.text)
    LCD_SetCursor                            0x08000815   Thumb Code   418  lcd.o(.text)
    LCD_ReadPoint                            0x080009b7   Thumb Code   360  lcd.o(.text)
    LCD_DisplayOn                            0x08000b1f   Thumb Code   102  lcd.o(.text)
    LCD_DisplayOff                           0x08000b85   Thumb Code    90  lcd.o(.text)
    LCD_Scan_Dir                             0x08000bdf   Thumb Code   744  lcd.o(.text)
    LCD_DrawPoint                            0x08000ec7   Thumb Code    28  lcd.o(.text)
    LCD_Fast_DrawPoint                       0x08000ee3   Thumb Code   384  lcd.o(.text)
    LCD_SSD_BackLightSet                     0x08001063   Thumb Code    80  lcd.o(.text)
    LCD_Display_Dir                          0x080010b3   Thumb Code   444  lcd.o(.text)
    LCD_Set_Window                           0x0800126f   Thumb Code   540  lcd.o(.text)
    LCD_Clear                                0x0800148b   Thumb Code   100  lcd.o(.text)
    LCD_Init                                 0x080014ef   Thumb Code 14190  lcd.o(.text)
    LCD_Fill                                 0x08004c5d   Thumb Code   178  lcd.o(.text)
    LCD_Color_Fill                           0x08004d0f   Thumb Code   106  lcd.o(.text)
    LCD_DrawLine                             0x08004d79   Thumb Code   176  lcd.o(.text)
    LCD_DrawRectangle                        0x08004e29   Thumb Code    60  lcd.o(.text)
    LCD_Draw_Circle                          0x08004e65   Thumb Code   152  lcd.o(.text)
    LCD_ShowChar                             0x08004efd   Thumb Code   272  lcd.o(.text)
    LCD_Pow                                  0x0800500d   Thumb Code    22  lcd.o(.text)
    LCD_ShowNum                              0x08005023   Thumb Code   148  lcd.o(.text)
    LCD_ShowxNum                             0x080050b7   Thumb Code   220  lcd.o(.text)
    LCD_ShowString                           0x08005193   Thumb Code   102  lcd.o(.text)
    SPI2_ReadWriteByte                       0x080051f9   Thumb Code    78  spi.o(.text)
    SPI2_Init                                0x08005247   Thumb Code   140  spi.o(.text)
    SPI2_SetSpeed                            0x080052d3   Thumb Code    36  spi.o(.text)
    W25QXX_ReadID                            0x08005301   Thumb Code    64  w25qxx.o(.text)
    W25QXX_Init                              0x08005341   Thumb Code    74  w25qxx.o(.text)
    W25QXX_ReadSR                            0x0800538b   Thumb Code    36  w25qxx.o(.text)
    W25QXX_Write_SR                          0x080053af   Thumb Code    32  w25qxx.o(.text)
    W25QXX_Write_Enable                      0x080053cf   Thumb Code    24  w25qxx.o(.text)
    W25QXX_Write_Disable                     0x080053e7   Thumb Code    24  w25qxx.o(.text)
    W25QXX_Read                              0x080053ff   Thumb Code    74  w25qxx.o(.text)
    W25QXX_Wait_Busy                         0x08005449   Thumb Code    18  w25qxx.o(.text)
    W25QXX_Write_Page                        0x0800545b   Thumb Code    80  w25qxx.o(.text)
    W25QXX_Write_NoCheck                     0x080054ab   Thumb Code    70  w25qxx.o(.text)
    W25QXX_Erase_Sector                      0x080054f1   Thumb Code    70  w25qxx.o(.text)
    W25QXX_Write                             0x08005537   Thumb Code   180  w25qxx.o(.text)
    W25QXX_Erase_Chip                        0x080055eb   Thumb Code    36  w25qxx.o(.text)
    W25QXX_PowerDown                         0x0800560f   Thumb Code    30  w25qxx.o(.text)
    W25QXX_WAKEUP                            0x0800562d   Thumb Code    30  w25qxx.o(.text)
    SD_SetDeviceMode                         0x08005669   Thumb Code    20  sdio_sdcard.o(.text)
    SDIO_Clock_Set                           0x0800567d   Thumb Code    16  sdio_sdcard.o(.text)
    CmdResp1Error                            0x0800568d   Thumb Code    90  sdio_sdcard.o(.text)
    FindSCR                                  0x080056e7   Thumb Code   386  sdio_sdcard.o(.text)
    SDEnWideBus                              0x08005869   Thumb Code   158  sdio_sdcard.o(.text)
    SD_EnableWideBusOperation                0x08005907   Thumb Code    94  sdio_sdcard.o(.text)
    SD_SelectDeselect                        0x08005965   Thumb Code    42  sdio_sdcard.o(.text)
    SD_GetCardInfo                           0x0800598f   Thumb Code   802  sdio_sdcard.o(.text)
    CmdResp2Error                            0x08005cb1   Thumb Code    80  sdio_sdcard.o(.text)
    CmdResp6Error                            0x08005d01   Thumb Code   140  sdio_sdcard.o(.text)
    SD_InitializeCards                       0x08005d8d   Thumb Code   336  sdio_sdcard.o(.text)
    CmdResp3Error                            0x08005edd   Thumb Code    50  sdio_sdcard.o(.text)
    CmdResp7Error                            0x08005f0f   Thumb Code    70  sdio_sdcard.o(.text)
    CmdError                                 0x08005f55   Thumb Code    48  sdio_sdcard.o(.text)
    SD_PowerON                               0x08005f85   Thumb Code   450  sdio_sdcard.o(.text)
    SD_Init                                  0x08006147   Thumb Code   238  sdio_sdcard.o(.text)
    SD_PowerOFF                              0x08006235   Thumb Code    12  sdio_sdcard.o(.text)
    SD_DMA_Config                            0x08006241   Thumb Code   146  sdio_sdcard.o(.text)
    convert_from_bytes_to_power_of_two       0x080062d3   Thumb Code    18  sdio_sdcard.o(.text)
    SD_ReadBlock                             0x080062e5   Thumb Code   560  sdio_sdcard.o(.text)
    SD_ReadMultiBlocks                       0x08006515   Thumb Code   742  sdio_sdcard.o(.text)
    IsCardProgramming                        0x080067fb   Thumb Code   142  sdio_sdcard.o(.text)
    SD_WriteBlock                            0x08006889   Thumb Code   888  sdio_sdcard.o(.text)
    SD_WriteMultiBlocks                      0x08006c01   Thumb Code   962  sdio_sdcard.o(.text)
    SD_ProcessIRQSrc                         0x08006fc3   Thumb Code   294  sdio_sdcard.o(.text)
    SDIO_IRQHandler                          0x080070e9   Thumb Code     8  sdio_sdcard.o(.text)
    SD_SendStatus                            0x080070f1   Thumb Code    72  sdio_sdcard.o(.text)
    SD_GetState                              0x08007139   Thumb Code    26  sdio_sdcard.o(.text)
    SD_ReadDisk                              0x08007153   Thumb Code   152  sdio_sdcard.o(.text)
    SD_WriteDisk                             0x080071eb   Thumb Code   152  sdio_sdcard.o(.text)
    Adc_Init                                 0x080072a5   Thumb Code   162  adc.o(.text)
    Get_Adc                                  0x08007347   Thumb Code    46  adc.o(.text)
    Get_Adc_Average                          0x08007375   Thumb Code    46  adc.o(.text)
    MYDMA_Config                             0x080073ad   Thumb Code    92  dma.o(.text)
    MYDMA_Enable                             0x08007409   Thumb Code    32  dma.o(.text)
    delay_init                               0x08007435   Thumb Code    50  delay.o(.text)
    delay_us                                 0x08007467   Thumb Code    72  delay.o(.text)
    delay_ms                                 0x080074af   Thumb Code    72  delay.o(.text)
    WFI_SET                                  0x08007509   Thumb Code     4  sys.o(.text)
    INTX_DISABLE                             0x0800750d   Thumb Code     4  sys.o(.text)
    INTX_ENABLE                              0x08007511   Thumb Code     4  sys.o(.text)
    _sys_exit                                0x08007515   Thumb Code     6  usart.o(.text)
    fputc                                    0x0800751b   Thumb Code    24  usart.o(.text)
    uart_init                                0x08007533   Thumb Code   152  usart.o(.text)
    USART1_IRQHandler                        0x080075cb   Thumb Code   122  usart.o(.text)
    Reset_Handler                            0x08007655   Thumb Code     8  startup_stm32f10x_hd.o(.text)
    ADC1_2_IRQHandler                        0x0800766f   Thumb Code     0  startup_stm32f10x_hd.o(.text)
    ADC3_IRQHandler                          0x0800766f   Thumb Code     0  startup_stm32f10x_hd.o(.text)
    CAN1_RX1_IRQHandler                      0x0800766f   Thumb Code     0  startup_stm32f10x_hd.o(.text)
    CAN1_SCE_IRQHandler                      0x0800766f   Thumb Code     0  startup_stm32f10x_hd.o(.text)
    DMA1_Channel1_IRQHandler                 0x0800766f   Thumb Code     0  startup_stm32f10x_hd.o(.text)
    DMA1_Channel2_IRQHandler                 0x0800766f   Thumb Code     0  startup_stm32f10x_hd.o(.text)
    DMA1_Channel3_IRQHandler                 0x0800766f   Thumb Code     0  startup_stm32f10x_hd.o(.text)
    DMA1_Channel4_IRQHandler                 0x0800766f   Thumb Code     0  startup_stm32f10x_hd.o(.text)
    DMA1_Channel5_IRQHandler                 0x0800766f   Thumb Code     0  startup_stm32f10x_hd.o(.text)
    DMA1_Channel6_IRQHandler                 0x0800766f   Thumb Code     0  startup_stm32f10x_hd.o(.text)
    DMA1_Channel7_IRQHandler                 0x0800766f   Thumb Code     0  startup_stm32f10x_hd.o(.text)
    DMA2_Channel1_IRQHandler                 0x0800766f   Thumb Code     0  startup_stm32f10x_hd.o(.text)
    DMA2_Channel2_IRQHandler                 0x0800766f   Thumb Code     0  startup_stm32f10x_hd.o(.text)
    DMA2_Channel3_IRQHandler                 0x0800766f   Thumb Code     0  startup_stm32f10x_hd.o(.text)
    DMA2_Channel4_5_IRQHandler               0x0800766f   Thumb Code     0  startup_stm32f10x_hd.o(.text)
    EXTI0_IRQHandler                         0x0800766f   Thumb Code     0  startup_stm32f10x_hd.o(.text)
    EXTI15_10_IRQHandler                     0x0800766f   Thumb Code     0  startup_stm32f10x_hd.o(.text)
    EXTI1_IRQHandler                         0x0800766f   Thumb Code     0  startup_stm32f10x_hd.o(.text)
    EXTI2_IRQHandler                         0x0800766f   Thumb Code     0  startup_stm32f10x_hd.o(.text)
    EXTI3_IRQHandler                         0x0800766f   Thumb Code     0  startup_stm32f10x_hd.o(.text)
    EXTI4_IRQHandler                         0x0800766f   Thumb Code     0  startup_stm32f10x_hd.o(.text)
    EXTI9_5_IRQHandler                       0x0800766f   Thumb Code     0  startup_stm32f10x_hd.o(.text)
    FLASH_IRQHandler                         0x0800766f   Thumb Code     0  startup_stm32f10x_hd.o(.text)
    FSMC_IRQHandler                          0x0800766f   Thumb Code     0  startup_stm32f10x_hd.o(.text)
    I2C1_ER_IRQHandler                       0x0800766f   Thumb Code     0  startup_stm32f10x_hd.o(.text)
    I2C1_EV_IRQHandler                       0x0800766f   Thumb Code     0  startup_stm32f10x_hd.o(.text)
    I2C2_ER_IRQHandler                       0x0800766f   Thumb Code     0  startup_stm32f10x_hd.o(.text)
    I2C2_EV_IRQHandler                       0x0800766f   Thumb Code     0  startup_stm32f10x_hd.o(.text)
    PVD_IRQHandler                           0x0800766f   Thumb Code     0  startup_stm32f10x_hd.o(.text)
    RCC_IRQHandler                           0x0800766f   Thumb Code     0  startup_stm32f10x_hd.o(.text)
    RTCAlarm_IRQHandler                      0x0800766f   Thumb Code     0  startup_stm32f10x_hd.o(.text)
    RTC_IRQHandler                           0x0800766f   Thumb Code     0  startup_stm32f10x_hd.o(.text)
    SPI1_IRQHandler                          0x0800766f   Thumb Code     0  startup_stm32f10x_hd.o(.text)
    SPI2_IRQHandler                          0x0800766f   Thumb Code     0  startup_stm32f10x_hd.o(.text)
    SPI3_IRQHandler                          0x0800766f   Thumb Code     0  startup_stm32f10x_hd.o(.text)
    TAMPER_IRQHandler                        0x0800766f   Thumb Code     0  startup_stm32f10x_hd.o(.text)
    TIM1_BRK_IRQHandler                      0x0800766f   Thumb Code     0  startup_stm32f10x_hd.o(.text)
    TIM1_CC_IRQHandler                       0x0800766f   Thumb Code     0  startup_stm32f10x_hd.o(.text)
    TIM1_TRG_COM_IRQHandler                  0x0800766f   Thumb Code     0  startup_stm32f10x_hd.o(.text)
    TIM1_UP_IRQHandler                       0x0800766f   Thumb Code     0  startup_stm32f10x_hd.o(.text)
    TIM2_IRQHandler                          0x0800766f   Thumb Code     0  startup_stm32f10x_hd.o(.text)
    TIM3_IRQHandler                          0x0800766f   Thumb Code     0  startup_stm32f10x_hd.o(.text)
    TIM5_IRQHandler                          0x0800766f   Thumb Code     0  startup_stm32f10x_hd.o(.text)
    TIM6_IRQHandler                          0x0800766f   Thumb Code     0  startup_stm32f10x_hd.o(.text)
    TIM7_IRQHandler                          0x0800766f   Thumb Code     0  startup_stm32f10x_hd.o(.text)
    TIM8_BRK_IRQHandler                      0x0800766f   Thumb Code     0  startup_stm32f10x_hd.o(.text)
    TIM8_CC_IRQHandler                       0x0800766f   Thumb Code     0  startup_stm32f10x_hd.o(.text)
    TIM8_TRG_COM_IRQHandler                  0x0800766f   Thumb Code     0  startup_stm32f10x_hd.o(.text)
    TIM8_UP_IRQHandler                       0x0800766f   Thumb Code     0  startup_stm32f10x_hd.o(.text)
    UART4_IRQHandler                         0x0800766f   Thumb Code     0  startup_stm32f10x_hd.o(.text)
    UART5_IRQHandler                         0x0800766f   Thumb Code     0  startup_stm32f10x_hd.o(.text)
    USART2_IRQHandler                        0x0800766f   Thumb Code     0  startup_stm32f10x_hd.o(.text)
    USART3_IRQHandler                        0x0800766f   Thumb Code     0  startup_stm32f10x_hd.o(.text)
    USBWakeUp_IRQHandler                     0x0800766f   Thumb Code     0  startup_stm32f10x_hd.o(.text)
    USB_HP_CAN1_TX_IRQHandler                0x0800766f   Thumb Code     0  startup_stm32f10x_hd.o(.text)
    USB_LP_CAN1_RX0_IRQHandler               0x0800766f   Thumb Code     0  startup_stm32f10x_hd.o(.text)
    WWDG_IRQHandler                          0x0800766f   Thumb Code     0  startup_stm32f10x_hd.o(.text)
    __user_initial_stackheap                 0x08007671   Thumb Code     0  startup_stm32f10x_hd.o(.text)
    NVIC_PriorityGroupConfig                 0x08007695   Thumb Code    10  misc.o(.text)
    NVIC_Init                                0x0800769f   Thumb Code   100  misc.o(.text)
    NVIC_SetVectorTable                      0x08007703   Thumb Code    14  misc.o(.text)
    NVIC_SystemLPConfig                      0x08007711   Thumb Code    34  misc.o(.text)
    SysTick_CLKSourceConfig                  0x08007733   Thumb Code    40  misc.o(.text)
    FSMC_NORSRAMDeInit                       0x08007771   Thumb Code    54  stm32f10x_fsmc.o(.text)
    FSMC_NANDDeInit                          0x080077a7   Thumb Code    62  stm32f10x_fsmc.o(.text)
    FSMC_PCCARDDeInit                        0x080077e5   Thumb Code    36  stm32f10x_fsmc.o(.text)
    FSMC_NORSRAMInit                         0x08007809   Thumb Code   230  stm32f10x_fsmc.o(.text)
    FSMC_NANDInit                            0x080078ef   Thumb Code   132  stm32f10x_fsmc.o(.text)
    FSMC_PCCARDInit                          0x08007973   Thumb Code   130  stm32f10x_fsmc.o(.text)
    FSMC_NORSRAMStructInit                   0x080079f5   Thumb Code   114  stm32f10x_fsmc.o(.text)
    FSMC_NANDStructInit                      0x08007a67   Thumb Code    54  stm32f10x_fsmc.o(.text)
    FSMC_PCCARDStructInit                    0x08007a9d   Thumb Code    60  stm32f10x_fsmc.o(.text)
    FSMC_NORSRAMCmd                          0x08007ad9   Thumb Code    46  stm32f10x_fsmc.o(.text)
    FSMC_NANDCmd                             0x08007b07   Thumb Code    86  stm32f10x_fsmc.o(.text)
    FSMC_PCCARDCmd                           0x08007b5d   Thumb Code    44  stm32f10x_fsmc.o(.text)
    FSMC_NANDECCCmd                          0x08007b89   Thumb Code    90  stm32f10x_fsmc.o(.text)
    FSMC_GetECC                              0x08007be3   Thumb Code    24  stm32f10x_fsmc.o(.text)
    FSMC_ITConfig                            0x08007bfb   Thumb Code   128  stm32f10x_fsmc.o(.text)
    FSMC_GetFlagStatus                       0x08007c7b   Thumb Code    54  stm32f10x_fsmc.o(.text)
    FSMC_ClearFlag                           0x08007cb1   Thumb Code    62  stm32f10x_fsmc.o(.text)
    FSMC_GetITStatus                         0x08007cef   Thumb Code    64  stm32f10x_fsmc.o(.text)
    FSMC_ClearITPendingBit                   0x08007d2f   Thumb Code    68  stm32f10x_fsmc.o(.text)
    GPIO_DeInit                              0x08007d7d   Thumb Code   172  stm32f10x_gpio.o(.text)
    GPIO_AFIODeInit                          0x08007e29   Thumb Code    20  stm32f10x_gpio.o(.text)
    GPIO_Init                                0x08007e3d   Thumb Code   278  stm32f10x_gpio.o(.text)
    GPIO_StructInit                          0x08007f53   Thumb Code    16  stm32f10x_gpio.o(.text)
    GPIO_ReadInputDataBit                    0x08007f63   Thumb Code    18  stm32f10x_gpio.o(.text)
    GPIO_ReadInputData                       0x08007f75   Thumb Code     8  stm32f10x_gpio.o(.text)
    GPIO_ReadOutputDataBit                   0x08007f7d   Thumb Code    18  stm32f10x_gpio.o(.text)
    GPIO_ReadOutputData                      0x08007f8f   Thumb Code     8  stm32f10x_gpio.o(.text)
    GPIO_SetBits                             0x08007f97   Thumb Code     4  stm32f10x_gpio.o(.text)
    GPIO_ResetBits                           0x08007f9b   Thumb Code     4  stm32f10x_gpio.o(.text)
    GPIO_WriteBit                            0x08007f9f   Thumb Code    10  stm32f10x_gpio.o(.text)
    GPIO_Write                               0x08007fa9   Thumb Code     4  stm32f10x_gpio.o(.text)
    GPIO_PinLockConfig                       0x08007fad   Thumb Code    18  stm32f10x_gpio.o(.text)
    GPIO_EventOutputConfig                   0x08007fbf   Thumb Code    26  stm32f10x_gpio.o(.text)
    GPIO_EventOutputCmd                      0x08007fd9   Thumb Code     6  stm32f10x_gpio.o(.text)
    GPIO_PinRemapConfig                      0x08007fdf   Thumb Code   138  stm32f10x_gpio.o(.text)
    GPIO_EXTILineConfig                      0x08008069   Thumb Code    66  stm32f10x_gpio.o(.text)
    GPIO_ETH_MediaInterfaceConfig            0x080080ab   Thumb Code     8  stm32f10x_gpio.o(.text)
    RCC_DeInit                               0x080080d9   Thumb Code    64  stm32f10x_rcc.o(.text)
    RCC_HSEConfig                            0x08008119   Thumb Code    70  stm32f10x_rcc.o(.text)
    RCC_GetFlagStatus                        0x0800815f   Thumb Code    56  stm32f10x_rcc.o(.text)
    RCC_WaitForHSEStartUp                    0x08008197   Thumb Code    56  stm32f10x_rcc.o(.text)
    RCC_AdjustHSICalibrationValue            0x080081cf   Thumb Code    20  stm32f10x_rcc.o(.text)
    RCC_HSICmd                               0x080081e3   Thumb Code     6  stm32f10x_rcc.o(.text)
    RCC_PLLConfig                            0x080081e9   Thumb Code    24  stm32f10x_rcc.o(.text)
    RCC_PLLCmd                               0x08008201   Thumb Code     6  stm32f10x_rcc.o(.text)
    RCC_SYSCLKConfig                         0x08008207   Thumb Code    18  stm32f10x_rcc.o(.text)
    RCC_GetSYSCLKSource                      0x08008219   Thumb Code    10  stm32f10x_rcc.o(.text)
    RCC_HCLKConfig                           0x08008223   Thumb Code    18  stm32f10x_rcc.o(.text)
    RCC_PCLK1Config                          0x08008235   Thumb Code    18  stm32f10x_rcc.o(.text)
    RCC_PCLK2Config                          0x08008247   Thumb Code    20  stm32f10x_rcc.o(.text)
    RCC_ITConfig                             0x0800825b   Thumb Code    26  stm32f10x_rcc.o(.text)
    RCC_USBCLKConfig                         0x08008275   Thumb Code     8  stm32f10x_rcc.o(.text)
    RCC_ADCCLKConfig                         0x0800827d   Thumb Code    18  stm32f10x_rcc.o(.text)
    RCC_LSEConfig                            0x0800828f   Thumb Code    50  stm32f10x_rcc.o(.text)
    RCC_LSICmd                               0x080082c1   Thumb Code     6  stm32f10x_rcc.o(.text)
    RCC_RTCCLKConfig                         0x080082c7   Thumb Code    12  stm32f10x_rcc.o(.text)
    RCC_RTCCLKCmd                            0x080082d3   Thumb Code     8  stm32f10x_rcc.o(.text)
    RCC_GetClocksFreq                        0x080082db   Thumb Code   192  stm32f10x_rcc.o(.text)
    RCC_AHBPeriphClockCmd                    0x0800839b   Thumb Code    26  stm32f10x_rcc.o(.text)
    RCC_APB2PeriphClockCmd                   0x080083b5   Thumb Code    26  stm32f10x_rcc.o(.text)
    RCC_APB1PeriphClockCmd                   0x080083cf   Thumb Code    26  stm32f10x_rcc.o(.text)
    RCC_APB2PeriphResetCmd                   0x080083e9   Thumb Code    26  stm32f10x_rcc.o(.text)
    RCC_APB1PeriphResetCmd                   0x08008403   Thumb Code    26  stm32f10x_rcc.o(.text)
    RCC_BackupResetCmd                       0x0800841d   Thumb Code     8  stm32f10x_rcc.o(.text)
    RCC_ClockSecuritySystemCmd               0x08008425   Thumb Code     6  stm32f10x_rcc.o(.text)
    RCC_MCOConfig                            0x0800842b   Thumb Code     6  stm32f10x_rcc.o(.text)
    RCC_ClearFlag                            0x08008431   Thumb Code    14  stm32f10x_rcc.o(.text)
    RCC_GetITStatus                          0x0800843f   Thumb Code    20  stm32f10x_rcc.o(.text)
    RCC_ClearITPendingBit                    0x08008453   Thumb Code     6  stm32f10x_rcc.o(.text)
    SPI_I2S_DeInit                           0x0800847d   Thumb Code    76  stm32f10x_spi.o(.text)
    SPI_Init                                 0x080084c9   Thumb Code    60  stm32f10x_spi.o(.text)
    I2S_Init                                 0x08008505   Thumb Code   226  stm32f10x_spi.o(.text)
    SPI_StructInit                           0x080085e7   Thumb Code    24  stm32f10x_spi.o(.text)
    I2S_StructInit                           0x080085ff   Thumb Code    20  stm32f10x_spi.o(.text)
    SPI_Cmd                                  0x08008613   Thumb Code    24  stm32f10x_spi.o(.text)
    I2S_Cmd                                  0x0800862b   Thumb Code    24  stm32f10x_spi.o(.text)
    SPI_I2S_ITConfig                         0x08008643   Thumb Code    32  stm32f10x_spi.o(.text)
    SPI_I2S_DMACmd                           0x08008663   Thumb Code    18  stm32f10x_spi.o(.text)
    SPI_I2S_SendData                         0x08008675   Thumb Code     4  stm32f10x_spi.o(.text)
    SPI_I2S_ReceiveData                      0x08008679   Thumb Code     6  stm32f10x_spi.o(.text)
    SPI_NSSInternalSoftwareConfig            0x0800867f   Thumb Code    30  stm32f10x_spi.o(.text)
    SPI_SSOutputCmd                          0x0800869d   Thumb Code    24  stm32f10x_spi.o(.text)
    SPI_DataSizeConfig                       0x080086b5   Thumb Code    18  stm32f10x_spi.o(.text)
    SPI_TransmitCRC                          0x080086c7   Thumb Code    10  stm32f10x_spi.o(.text)
    SPI_CalculateCRC                         0x080086d1   Thumb Code    24  stm32f10x_spi.o(.text)
    SPI_GetCRC                               0x080086e9   Thumb Code    16  stm32f10x_spi.o(.text)
    SPI_GetCRCPolynomial                     0x080086f9   Thumb Code     6  stm32f10x_spi.o(.text)
    SPI_BiDirectionalLineConfig              0x080086ff   Thumb Code    28  stm32f10x_spi.o(.text)
    SPI_I2S_GetFlagStatus                    0x0800871b   Thumb Code    18  stm32f10x_spi.o(.text)
    SPI_I2S_ClearFlag                        0x0800872d   Thumb Code     6  stm32f10x_spi.o(.text)
    SPI_I2S_GetITStatus                      0x08008733   Thumb Code    52  stm32f10x_spi.o(.text)
    SPI_I2S_ClearITPendingBit                0x08008767   Thumb Code    20  stm32f10x_spi.o(.text)
    USART_DeInit                             0x08008789   Thumb Code   134  stm32f10x_usart.o(.text)
    USART_Init                               0x0800880f   Thumb Code   210  stm32f10x_usart.o(.text)
    USART_StructInit                         0x080088e1   Thumb Code    24  stm32f10x_usart.o(.text)
    USART_ClockInit                          0x080088f9   Thumb Code    34  stm32f10x_usart.o(.text)
    USART_ClockStructInit                    0x0800891b   Thumb Code    12  stm32f10x_usart.o(.text)
    USART_Cmd                                0x08008927   Thumb Code    24  stm32f10x_usart.o(.text)
    USART_ITConfig                           0x0800893f   Thumb Code    74  stm32f10x_usart.o(.text)
    USART_DMACmd                             0x08008989   Thumb Code    18  stm32f10x_usart.o(.text)
    USART_SetAddress                         0x0800899b   Thumb Code    18  stm32f10x_usart.o(.text)
    USART_WakeUpConfig                       0x080089ad   Thumb Code    18  stm32f10x_usart.o(.text)
    USART_ReceiverWakeUpCmd                  0x080089bf   Thumb Code    24  stm32f10x_usart.o(.text)
    USART_LINBreakDetectLengthConfig         0x080089d7   Thumb Code    18  stm32f10x_usart.o(.text)
    USART_LINCmd                             0x080089e9   Thumb Code    24  stm32f10x_usart.o(.text)
    USART_SendData                           0x08008a01   Thumb Code     8  stm32f10x_usart.o(.text)
    USART_ReceiveData                        0x08008a09   Thumb Code    10  stm32f10x_usart.o(.text)
    USART_SendBreak                          0x08008a13   Thumb Code    10  stm32f10x_usart.o(.text)
    USART_SetGuardTime                       0x08008a1d   Thumb Code    16  stm32f10x_usart.o(.text)
    USART_SetPrescaler                       0x08008a2d   Thumb Code    16  stm32f10x_usart.o(.text)
    USART_SmartCardCmd                       0x08008a3d   Thumb Code    24  stm32f10x_usart.o(.text)
    USART_SmartCardNACKCmd                   0x08008a55   Thumb Code    24  stm32f10x_usart.o(.text)
    USART_HalfDuplexCmd                      0x08008a6d   Thumb Code    24  stm32f10x_usart.o(.text)
    USART_OverSampling8Cmd                   0x08008a85   Thumb Code    22  stm32f10x_usart.o(.text)
    USART_OneBitMethodCmd                    0x08008a9b   Thumb Code    24  stm32f10x_usart.o(.text)
    USART_IrDAConfig                         0x08008ab3   Thumb Code    18  stm32f10x_usart.o(.text)
    USART_IrDACmd                            0x08008ac5   Thumb Code    24  stm32f10x_usart.o(.text)
    USART_GetFlagStatus                      0x08008add   Thumb Code    26  stm32f10x_usart.o(.text)
    USART_ClearFlag                          0x08008af7   Thumb Code    18  stm32f10x_usart.o(.text)
    USART_GetITStatus                        0x08008b09   Thumb Code    84  stm32f10x_usart.o(.text)
    USART_ClearITPendingBit                  0x08008b5d   Thumb Code    52  stm32f10x_usart.o(.text)
    TIM_DeInit                               0x08008b91   Thumb Code   424  stm32f10x_tim.o(.text)
    TIM_TimeBaseInit                         0x08008d39   Thumb Code   122  stm32f10x_tim.o(.text)
    TIM_OC1Init                              0x08008db3   Thumb Code   132  stm32f10x_tim.o(.text)
    TIM_OC2Init                              0x08008e37   Thumb Code   154  stm32f10x_tim.o(.text)
    TIM_OC3Init                              0x08008ed1   Thumb Code   150  stm32f10x_tim.o(.text)
    TIM_OC4Init                              0x08008f67   Thumb Code   182  stm32f10x_tim.o(.text)
    TIM_SetIC4Prescaler                      0x0800901d   Thumb Code    26  stm32f10x_tim.o(.text)
    TIM_SetIC3Prescaler                      0x080090b9   Thumb Code    18  stm32f10x_tim.o(.text)
    TIM_SetIC2Prescaler                      0x08009145   Thumb Code    26  stm32f10x_tim.o(.text)
    TIM_SetIC1Prescaler                      0x080091e1   Thumb Code    18  stm32f10x_tim.o(.text)
    TIM_ICInit                               0x0800925f   Thumb Code   150  stm32f10x_tim.o(.text)
    TIM_PWMIConfig                           0x080092f5   Thumb Code   124  stm32f10x_tim.o(.text)
    TIM_BDTRConfig                           0x08009371   Thumb Code    32  stm32f10x_tim.o(.text)
    TIM_TimeBaseStructInit                   0x08009391   Thumb Code    18  stm32f10x_tim.o(.text)
    TIM_OCStructInit                         0x080093a3   Thumb Code    20  stm32f10x_tim.o(.text)
    TIM_ICStructInit                         0x080093b7   Thumb Code    18  stm32f10x_tim.o(.text)
    TIM_BDTRStructInit                       0x080093c9   Thumb Code    40  stm32f10x_tim.o(.text)
    TIM_Cmd                                  0x080093f1   Thumb Code    24  stm32f10x_tim.o(.text)
    TIM_CtrlPWMOutputs                       0x08009409   Thumb Code    30  stm32f10x_tim.o(.text)
    TIM_ITConfig                             0x08009427   Thumb Code    18  stm32f10x_tim.o(.text)
    TIM_GenerateEvent                        0x08009439   Thumb Code     4  stm32f10x_tim.o(.text)
    TIM_DMAConfig                            0x0800943d   Thumb Code    10  stm32f10x_tim.o(.text)
    TIM_DMACmd                               0x08009447   Thumb Code    18  stm32f10x_tim.o(.text)
    TIM_InternalClockConfig                  0x08009459   Thumb Code    12  stm32f10x_tim.o(.text)
    TIM_SelectInputTrigger                   0x08009465   Thumb Code    18  stm32f10x_tim.o(.text)
    TIM_ITRxExternalClockConfig              0x08009477   Thumb Code    24  stm32f10x_tim.o(.text)
    TIM_TIxExternalClockConfig               0x0800948f   Thumb Code    62  stm32f10x_tim.o(.text)
    TIM_ETRConfig                            0x080094cd   Thumb Code    28  stm32f10x_tim.o(.text)
    TIM_ETRClockMode1Config                  0x080094e9   Thumb Code    54  stm32f10x_tim.o(.text)
    TIM_ETRClockMode2Config                  0x0800951f   Thumb Code    32  stm32f10x_tim.o(.text)
    TIM_PrescalerConfig                      0x0800953f   Thumb Code     6  stm32f10x_tim.o(.text)
    TIM_CounterModeConfig                    0x08009545   Thumb Code    18  stm32f10x_tim.o(.text)
    TIM_EncoderInterfaceConfig               0x08009557   Thumb Code    66  stm32f10x_tim.o(.text)
    TIM_ForcedOC1Config                      0x08009599   Thumb Code    18  stm32f10x_tim.o(.text)
    TIM_ForcedOC2Config                      0x080095ab   Thumb Code    26  stm32f10x_tim.o(.text)
    TIM_ForcedOC3Config                      0x080095c5   Thumb Code    18  stm32f10x_tim.o(.text)
    TIM_ForcedOC4Config                      0x080095d7   Thumb Code    26  stm32f10x_tim.o(.text)
    TIM_ARRPreloadConfig                     0x080095f1   Thumb Code    24  stm32f10x_tim.o(.text)
    TIM_SelectCOM                            0x08009609   Thumb Code    24  stm32f10x_tim.o(.text)
    TIM_SelectCCDMA                          0x08009621   Thumb Code    24  stm32f10x_tim.o(.text)
    TIM_CCPreloadControl                     0x08009639   Thumb Code    24  stm32f10x_tim.o(.text)
    TIM_OC1PreloadConfig                     0x08009651   Thumb Code    18  stm32f10x_tim.o(.text)
    TIM_OC2PreloadConfig                     0x08009663   Thumb Code    26  stm32f10x_tim.o(.text)
    TIM_OC3PreloadConfig                     0x0800967d   Thumb Code    18  stm32f10x_tim.o(.text)
    TIM_OC4PreloadConfig                     0x0800968f   Thumb Code    26  stm32f10x_tim.o(.text)
    TIM_OC1FastConfig                        0x080096a9   Thumb Code    18  stm32f10x_tim.o(.text)
    TIM_OC2FastConfig                        0x080096bb   Thumb Code    26  stm32f10x_tim.o(.text)
    TIM_OC3FastConfig                        0x080096d5   Thumb Code    18  stm32f10x_tim.o(.text)
    TIM_OC4FastConfig                        0x080096e7   Thumb Code    26  stm32f10x_tim.o(.text)
    TIM_ClearOC1Ref                          0x08009701   Thumb Code    18  stm32f10x_tim.o(.text)
    TIM_ClearOC2Ref                          0x08009713   Thumb Code    24  stm32f10x_tim.o(.text)
    TIM_ClearOC3Ref                          0x0800972b   Thumb Code    18  stm32f10x_tim.o(.text)
    TIM_ClearOC4Ref                          0x0800973d   Thumb Code    24  stm32f10x_tim.o(.text)
    TIM_OC1PolarityConfig                    0x08009755   Thumb Code    18  stm32f10x_tim.o(.text)
    TIM_OC1NPolarityConfig                   0x08009767   Thumb Code    18  stm32f10x_tim.o(.text)
    TIM_OC2PolarityConfig                    0x08009779   Thumb Code    26  stm32f10x_tim.o(.text)
    TIM_OC2NPolarityConfig                   0x08009793   Thumb Code    26  stm32f10x_tim.o(.text)
    TIM_OC3PolarityConfig                    0x080097ad   Thumb Code    26  stm32f10x_tim.o(.text)
    TIM_OC3NPolarityConfig                   0x080097c7   Thumb Code    26  stm32f10x_tim.o(.text)
    TIM_OC4PolarityConfig                    0x080097e1   Thumb Code    26  stm32f10x_tim.o(.text)
    TIM_CCxCmd                               0x080097fb   Thumb Code    30  stm32f10x_tim.o(.text)
    TIM_CCxNCmd                              0x08009819   Thumb Code    30  stm32f10x_tim.o(.text)
    TIM_SelectOCxM                           0x08009837   Thumb Code    82  stm32f10x_tim.o(.text)
    TIM_UpdateDisableConfig                  0x08009889   Thumb Code    24  stm32f10x_tim.o(.text)
    TIM_UpdateRequestConfig                  0x080098a1   Thumb Code    24  stm32f10x_tim.o(.text)
    TIM_SelectHallSensor                     0x080098b9   Thumb Code    24  stm32f10x_tim.o(.text)
    TIM_SelectOnePulseMode                   0x080098d1   Thumb Code    18  stm32f10x_tim.o(.text)
    TIM_SelectOutputTrigger                  0x080098e3   Thumb Code    18  stm32f10x_tim.o(.text)
    TIM_SelectSlaveMode                      0x080098f5   Thumb Code    18  stm32f10x_tim.o(.text)
    TIM_SelectMasterSlaveMode                0x08009907   Thumb Code    18  stm32f10x_tim.o(.text)
    TIM_SetCounter                           0x08009919   Thumb Code     4  stm32f10x_tim.o(.text)
    TIM_SetAutoreload                        0x0800991d   Thumb Code     4  stm32f10x_tim.o(.text)
    TIM_SetCompare1                          0x08009921   Thumb Code     4  stm32f10x_tim.o(.text)
    TIM_SetCompare2                          0x08009925   Thumb Code     4  stm32f10x_tim.o(.text)
    TIM_SetCompare3                          0x08009929   Thumb Code     4  stm32f10x_tim.o(.text)
    TIM_SetCompare4                          0x0800992d   Thumb Code     6  stm32f10x_tim.o(.text)
    TIM_SetClockDivision                     0x08009933   Thumb Code    18  stm32f10x_tim.o(.text)
    TIM_GetCapture1                          0x08009945   Thumb Code     6  stm32f10x_tim.o(.text)
    TIM_GetCapture2                          0x0800994b   Thumb Code     6  stm32f10x_tim.o(.text)
    TIM_GetCapture3                          0x08009951   Thumb Code     6  stm32f10x_tim.o(.text)
    TIM_GetCapture4                          0x08009957   Thumb Code     8  stm32f10x_tim.o(.text)
    TIM_GetCounter                           0x0800995f   Thumb Code     6  stm32f10x_tim.o(.text)
    TIM_GetPrescaler                         0x08009965   Thumb Code     6  stm32f10x_tim.o(.text)
    TIM_GetFlagStatus                        0x0800996b   Thumb Code    18  stm32f10x_tim.o(.text)
    TIM_ClearFlag                            0x0800997d   Thumb Code     6  stm32f10x_tim.o(.text)
    TIM_GetITStatus                          0x08009983   Thumb Code    34  stm32f10x_tim.o(.text)
    TIM_ClearITPendingBit                    0x080099a5   Thumb Code     6  stm32f10x_tim.o(.text)
    DMA_DeInit                               0x080099ad   Thumb Code   324  stm32f10x_dma.o(.text)
    DMA_Init                                 0x08009af1   Thumb Code    60  stm32f10x_dma.o(.text)
    DMA_StructInit                           0x08009b2d   Thumb Code    26  stm32f10x_dma.o(.text)
    DMA_Cmd                                  0x08009b47   Thumb Code    24  stm32f10x_dma.o(.text)
    DMA_ITConfig                             0x08009b5f   Thumb Code    18  stm32f10x_dma.o(.text)
    DMA_SetCurrDataCounter                   0x08009b71   Thumb Code     4  stm32f10x_dma.o(.text)
    DMA_GetCurrDataCounter                   0x08009b75   Thumb Code     8  stm32f10x_dma.o(.text)
    DMA_GetFlagStatus                        0x08009b7d   Thumb Code    40  stm32f10x_dma.o(.text)
    DMA_ClearFlag                            0x08009ba5   Thumb Code    22  stm32f10x_dma.o(.text)
    DMA_GetITStatus                          0x08009bbb   Thumb Code    40  stm32f10x_dma.o(.text)
    DMA_ClearITPendingBit                    0x08009be3   Thumb Code    22  stm32f10x_dma.o(.text)
    SDIO_DeInit                              0x08009c01   Thumb Code    28  stm32f10x_sdio.o(.text)
    SDIO_Init                                0x08009c1d   Thumb Code    42  stm32f10x_sdio.o(.text)
    SDIO_StructInit                          0x08009c47   Thumb Code    16  stm32f10x_sdio.o(.text)
    SDIO_ClockCmd                            0x08009c57   Thumb Code     6  stm32f10x_sdio.o(.text)
    SDIO_SetPowerState                       0x08009c5d   Thumb Code    22  stm32f10x_sdio.o(.text)
    SDIO_GetPowerState                       0x08009c73   Thumb Code    10  stm32f10x_sdio.o(.text)
    SDIO_ITConfig                            0x08009c7d   Thumb Code    26  stm32f10x_sdio.o(.text)
    SDIO_DMACmd                              0x08009c97   Thumb Code     6  stm32f10x_sdio.o(.text)
    SDIO_SendCommand                         0x08009c9d   Thumb Code    38  stm32f10x_sdio.o(.text)
    SDIO_CmdStructInit                       0x08009cc3   Thumb Code    14  stm32f10x_sdio.o(.text)
    SDIO_GetCommandResponse                  0x08009cd1   Thumb Code     8  stm32f10x_sdio.o(.text)
    SDIO_GetResponse                         0x08009cd9   Thumb Code    22  stm32f10x_sdio.o(.text)
    SDIO_DataConfig                          0x08009cef   Thumb Code    42  stm32f10x_sdio.o(.text)
    SDIO_DataStructInit                      0x08009d19   Thumb Code    20  stm32f10x_sdio.o(.text)
    SDIO_GetDataCounter                      0x08009d2d   Thumb Code     6  stm32f10x_sdio.o(.text)
    SDIO_ReadData                            0x08009d33   Thumb Code     8  stm32f10x_sdio.o(.text)
    SDIO_WriteData                           0x08009d3b   Thumb Code     8  stm32f10x_sdio.o(.text)
    SDIO_GetFIFOCount                        0x08009d43   Thumb Code     6  stm32f10x_sdio.o(.text)
    SDIO_StartSDIOReadWait                   0x08009d49   Thumb Code     8  stm32f10x_sdio.o(.text)
    SDIO_StopSDIOReadWait                    0x08009d51   Thumb Code     8  stm32f10x_sdio.o(.text)
    SDIO_SetSDIOReadWaitMode                 0x08009d59   Thumb Code     8  stm32f10x_sdio.o(.text)
    SDIO_SetSDIOOperation                    0x08009d61   Thumb Code     8  stm32f10x_sdio.o(.text)
    SDIO_SendSDIOSuspendCmd                  0x08009d69   Thumb Code     6  stm32f10x_sdio.o(.text)
    SDIO_CommandCompletionCmd                0x08009d6f   Thumb Code     8  stm32f10x_sdio.o(.text)
    SDIO_CEATAITCmd                          0x08009d77   Thumb Code    12  stm32f10x_sdio.o(.text)
    SDIO_SendCEATACmd                        0x08009d83   Thumb Code     8  stm32f10x_sdio.o(.text)
    SDIO_GetFlagStatus                       0x08009d8b   Thumb Code    20  stm32f10x_sdio.o(.text)
    SDIO_ClearFlag                           0x08009d9f   Thumb Code     6  stm32f10x_sdio.o(.text)
    SDIO_GetITStatus                         0x08009da5   Thumb Code    20  stm32f10x_sdio.o(.text)
    SDIO_ClearITPendingBit                   0x08009db9   Thumb Code     6  stm32f10x_sdio.o(.text)
    ADC_DeInit                               0x08009dd5   Thumb Code    78  stm32f10x_adc.o(.text)
    ADC_Init                                 0x08009e23   Thumb Code    70  stm32f10x_adc.o(.text)
    ADC_StructInit                           0x08009e69   Thumb Code    18  stm32f10x_adc.o(.text)
    ADC_Cmd                                  0x08009e7b   Thumb Code    22  stm32f10x_adc.o(.text)
    ADC_DMACmd                               0x08009e91   Thumb Code    22  stm32f10x_adc.o(.text)
    ADC_ITConfig                             0x08009ea7   Thumb Code    24  stm32f10x_adc.o(.text)
    ADC_ResetCalibration                     0x08009ebf   Thumb Code    10  stm32f10x_adc.o(.text)
    ADC_GetResetCalibrationStatus            0x08009ec9   Thumb Code    20  stm32f10x_adc.o(.text)
    ADC_StartCalibration                     0x08009edd   Thumb Code    10  stm32f10x_adc.o(.text)
    ADC_GetCalibrationStatus                 0x08009ee7   Thumb Code    20  stm32f10x_adc.o(.text)
    ADC_SoftwareStartConvCmd                 0x08009efb   Thumb Code    22  stm32f10x_adc.o(.text)
    ADC_GetSoftwareStartConvStatus           0x08009f11   Thumb Code    20  stm32f10x_adc.o(.text)
    ADC_DiscModeChannelCountConfig           0x08009f25   Thumb Code    24  stm32f10x_adc.o(.text)
    ADC_DiscModeCmd                          0x08009f3d   Thumb Code    22  stm32f10x_adc.o(.text)
    ADC_RegularChannelConfig                 0x08009f53   Thumb Code   184  stm32f10x_adc.o(.text)
    ADC_ExternalTrigConvCmd                  0x0800a00b   Thumb Code    22  stm32f10x_adc.o(.text)
    ADC_GetConversionValue                   0x0800a021   Thumb Code     8  stm32f10x_adc.o(.text)
    ADC_GetDualModeConversionValue           0x0800a029   Thumb Code     8  stm32f10x_adc.o(.text)
    ADC_AutoInjectedConvCmd                  0x0800a031   Thumb Code    22  stm32f10x_adc.o(.text)
    ADC_InjectedDiscModeCmd                  0x0800a047   Thumb Code    22  stm32f10x_adc.o(.text)
    ADC_ExternalTrigInjectedConvConfig       0x0800a05d   Thumb Code    16  stm32f10x_adc.o(.text)
    ADC_ExternalTrigInjectedConvCmd          0x0800a06d   Thumb Code    22  stm32f10x_adc.o(.text)
    ADC_SoftwareStartInjectedConvCmd         0x0800a083   Thumb Code    22  stm32f10x_adc.o(.text)
    ADC_GetSoftwareStartInjectedConvCmdStatus 0x0800a099   Thumb Code    20  stm32f10x_adc.o(.text)
    ADC_InjectedChannelConfig                0x0800a0ad   Thumb Code   130  stm32f10x_adc.o(.text)
    ADC_InjectedSequencerLengthConfig        0x0800a12f   Thumb Code    24  stm32f10x_adc.o(.text)
    ADC_SetInjectedOffset                    0x0800a147   Thumb Code    20  stm32f10x_adc.o(.text)
    ADC_GetInjectedConversionValue           0x0800a15b   Thumb Code    28  stm32f10x_adc.o(.text)
    ADC_AnalogWatchdogCmd                    0x0800a177   Thumb Code    16  stm32f10x_adc.o(.text)
    ADC_AnalogWatchdogThresholdsConfig       0x0800a187   Thumb Code     6  stm32f10x_adc.o(.text)
    ADC_AnalogWatchdogSingleChannelConfig    0x0800a18d   Thumb Code    16  stm32f10x_adc.o(.text)
    ADC_TempSensorVrefintCmd                 0x0800a19d   Thumb Code    64  stm32f10x_adc.o(.text)
    ADC_GetFlagStatus                        0x0800a1dd   Thumb Code    18  stm32f10x_adc.o(.text)
    ADC_ClearFlag                            0x0800a1ef   Thumb Code     6  stm32f10x_adc.o(.text)
    ADC_GetITStatus                          0x0800a1f5   Thumb Code    36  stm32f10x_adc.o(.text)
    ADC_ClearITPendingBit                    0x0800a219   Thumb Code    10  stm32f10x_adc.o(.text)
    mymemcpy                                 0x0800a225   Thumb Code    26  malloc.o(.text)
    mymemset                                 0x0800a23f   Thumb Code    20  malloc.o(.text)
    my_mem_init                              0x0800a253   Thumb Code    54  malloc.o(.text)
    my_mem_perused                           0x0800a289   Thumb Code    54  malloc.o(.text)
    my_mem_malloc                            0x0800a2bf   Thumb Code   154  malloc.o(.text)
    my_mem_free                              0x0800a359   Thumb Code    94  malloc.o(.text)
    myfree                                   0x0800a3b7   Thumb Code    32  malloc.o(.text)
    mymalloc                                 0x0800a3d7   Thumb Code    36  malloc.o(.text)
    myrealloc                                0x0800a3fb   Thumb Code    68  malloc.o(.text)
    disk_status                              0x0800a451   Thumb Code     6  diskio.o(.text)
    disk_initialize                          0x0800a457   Thumb Code    52  diskio.o(.text)
    disk_read                                0x0800a48b   Thumb Code   122  diskio.o(.text)
    disk_write                               0x0800a505   Thumb Code   122  diskio.o(.text)
    disk_ioctl                               0x0800a57f   Thumb Code   170  diskio.o(.text)
    get_fattime                              0x0800a629   Thumb Code     4  diskio.o(.text)
    ff_memalloc                              0x0800a62d   Thumb Code    14  diskio.o(.text)
    ff_memfree                               0x0800a63b   Thumb Code    14  diskio.o(.text)
    clust2sect                               0x0800a807   Thumb Code    26  ff.o(.text)
    get_fat                                  0x0800a821   Thumb Code   242  ff.o(.text)
    put_fat                                  0x0800a913   Thumb Code   322  ff.o(.text)
    dir_sdi                                  0x0800abc9   Thumb Code   158  ff.o(.text)
    f_mount                                  0x0800bc53   Thumb Code    86  ff.o(.text)
    f_open                                   0x0800bca9   Thumb Code   384  ff.o(.text)
    f_read                                   0x0800be29   Thumb Code   450  ff.o(.text)
    f_write                                  0x0800bfeb   Thumb Code   490  ff.o(.text)
    f_sync                                   0x0800c1d5   Thumb Code   176  ff.o(.text)
    f_close                                  0x0800c285   Thumb Code    32  ff.o(.text)
    f_lseek                                  0x0800c2a5   Thumb Code   684  ff.o(.text)
    f_opendir                                0x0800c551   Thumb Code   136  ff.o(.text)
    f_closedir                               0x0800c5d9   Thumb Code    22  ff.o(.text)
    f_readdir                                0x0800c5ef   Thumb Code   114  ff.o(.text)
    f_stat                                   0x0800c661   Thumb Code    84  ff.o(.text)
    f_getfree                                0x0800c6b5   Thumb Code   258  ff.o(.text)
    f_truncate                               0x0800c7b7   Thumb Code   184  ff.o(.text)
    f_unlink                                 0x0800c86f   Thumb Code   190  ff.o(.text)
    f_mkdir                                  0x0800c92d   Thumb Code   380  ff.o(.text)
    f_chmod                                  0x0800caa9   Thumb Code   112  ff.o(.text)
    f_rename                                 0x0800cb19   Thumb Code   290  ff.o(.text)
    f_utime                                  0x0800cc3b   Thumb Code   110  ff.o(.text)
    f_getlabel                               0x0800cca9   Thumb Code   190  ff.o(.text)
    f_setlabel                               0x0800cd67   Thumb Code   482  ff.o(.text)
    f_mkfs                                   0x0800cf49   Thumb Code  1578  ff.o(.text)
    f_gets                                   0x0800d573   Thumb Code    82  ff.o(.text)
    f_putc                                   0x0800d609   Thumb Code    64  ff.o(.text)
    f_puts                                   0x0800d649   Thumb Code    74  ff.o(.text)
    f_printf                                 0x0800d693   Thumb Code   674  ff.o(.text)
    exfuns_init                              0x0800d935   Thumb Code   114  exfuns.o(.text)
    char_upper                               0x0800d9a7   Thumb Code    26  exfuns.o(.text)
    f_typetell                               0x0800d9c1   Thumb Code   188  exfuns.o(.text)
    exf_getfree                              0x0800da7d   Thumb Code    74  exfuns.o(.text)
    ff_convert                               0x0800dadd   Thumb Code   116  cc936.o(.text)
    ff_wtoupper                              0x0800db51   Thumb Code    46  cc936.o(.text)
    mf_mount                                 0x0800db91   Thumb Code    20  fattester.o(.text)
    mf_open                                  0x0800dba5   Thumb Code    24  fattester.o(.text)
    mf_close                                 0x0800dbbd   Thumb Code    14  fattester.o(.text)
    mf_read                                  0x0800dbcb   Thumb Code   224  fattester.o(.text)
    mf_write                                 0x0800dcab   Thumb Code    68  fattester.o(.text)
    mf_opendir                               0x0800dcef   Thumb Code    14  fattester.o(.text)
    mf_closedir                              0x0800dcfd   Thumb Code    10  fattester.o(.text)
    mf_readdir                               0x0800dd07   Thumb Code   204  fattester.o(.text)
    mf_scan_files                            0x0800ddd3   Thumb Code   120  fattester.o(.text)
    mf_showfree                              0x0800de4b   Thumb Code    88  fattester.o(.text)
    mf_lseek                                 0x0800dea3   Thumb Code    16  fattester.o(.text)
    mf_tell                                  0x0800deb3   Thumb Code     8  fattester.o(.text)
    mf_size                                  0x0800debb   Thumb Code     8  fattester.o(.text)
    mf_mkdir                                 0x0800dec3   Thumb Code    12  fattester.o(.text)
    mf_fmkfs                                 0x0800decf   Thumb Code    20  fattester.o(.text)
    mf_unlink                                0x0800dee3   Thumb Code    12  fattester.o(.text)
    mf_rename                                0x0800deef   Thumb Code    16  fattester.o(.text)
    mf_getlabel                              0x0800deff   Thumb Code    58  fattester.o(.text)
    mf_setlabel                              0x0800df39   Thumb Code    34  fattester.o(.text)
    mf_gets                                  0x0800df5b   Thumb Code   698  fattester.o(.text)
    mf_putc                                  0x0800e215   Thumb Code    18  fattester.o(.text)
    mf_puts                                  0x0800e227   Thumb Code    18  fattester.o(.text)
    usmart_sys_cmd_exe                       0x0800e259   Thumb Code  1554  usmart.o(.text)
    usmart_reset_runtime                     0x0800e86b   Thumb Code    38  usmart.o(.text)
    usmart_get_runtime                       0x0800e891   Thumb Code    60  usmart.o(.text)
    TIM4_IRQHandler                          0x0800e8cd   Thumb Code    46  usmart.o(.text)
    Timer4_Init                              0x0800e8fb   Thumb Code    88  usmart.o(.text)
    usmart_init                              0x0800e953   Thumb Code    36  usmart.o(.text)
    usmart_cmd_rec                           0x0800e977   Thumb Code   170  usmart.o(.text)
    usmart_exe                               0x0800ea21   Thumb Code   870  usmart.o(.text)
    usmart_scan                              0x0800ed87   Thumb Code   120  usmart.o(.text)
    read_addr                                0x0800edff   Thumb Code     6  usmart.o(.text)
    write_addr                               0x0800ee05   Thumb Code     4  usmart.o(.text)
    usmart_strcmp                            0x0800ee91   Thumb Code    34  usmart_str.o(.text)
    usmart_strcopy                           0x0800eeb3   Thumb Code    22  usmart_str.o(.text)
    usmart_strlen                            0x0800eec9   Thumb Code    24  usmart_str.o(.text)
    usmart_pow                               0x0800eee1   Thumb Code    22  usmart_str.o(.text)
    usmart_str2num                           0x0800eef7   Thumb Code   202  usmart_str.o(.text)
    usmart_get_cmdname                       0x0800efc1   Thumb Code    54  usmart_str.o(.text)
    usmart_search_nextc                      0x0800eff7   Thumb Code    22  usmart_str.o(.text)
    usmart_get_fname                         0x0800f00d   Thumb Code   440  usmart_str.o(.text)
    usmart_get_aparm                         0x0800f1c5   Thumb Code   200  usmart_str.o(.text)
    usmart_get_parmpos                       0x0800f28d   Thumb Code    26  usmart_str.o(.text)
    usmart_get_fparam                        0x0800f2a7   Thumb Code   262  usmart_str.o(.text)
    __use_no_semihosting                     0x0800f3b9   Thumb Code     2  use_no_semi_2.o(.text)
    __aeabi_ldivmod                          0x0800f3bb   Thumb Code     0  llsdiv.o(.text)
    _ll_sdiv                                 0x0800f3bb   Thumb Code    72  llsdiv.o(.text)
    __2printf                                0x0800f405   Thumb Code    20  noretval__2printf.o(.text)
    __2sprintf                               0x0800f41d   Thumb Code    34  noretval__2sprintf.o(.text)
    _printf_pre_padding                      0x0800f445   Thumb Code    44  _printf_pad.o(.text)
    _printf_post_padding                     0x0800f471   Thumb Code    34  _printf_pad.o(.text)
    _printf_str                              0x0800f493   Thumb Code    82  _printf_str.o(.text)
    _printf_int_dec                          0x0800f4e5   Thumb Code   100  _printf_dec.o(.text)
    _printf_int_hex                          0x0800f559   Thumb Code    84  _printf_hex_int.o(.text)
    _printf_longlong_hex                     0x0800f559   Thumb Code     0  _printf_hex_int.o(.text)
    __printf                                 0x0800f5b1   Thumb Code   388  __printf_flags_ss_wp.o(.text)
    strcpy                                   0x0800f739   Thumb Code    72  strcpy.o(.text)
    __aeabi_memcpy                           0x0800f781   Thumb Code     0  rt_memcpy_v6.o(.text)
    __rt_memcpy                              0x0800f781   Thumb Code   138  rt_memcpy_v6.o(.text)
    _memcpy_lastbytes                        0x0800f7e7   Thumb Code     0  rt_memcpy_v6.o(.text)
    strcmp                                   0x0800f80d   Thumb Code   128  strcmpv7m.o(.text)
    __use_two_region_memory                  0x0800f88d   Thumb Code     2  heapauxi.o(.text)
    __rt_heap_escrow$2region                 0x0800f88f   Thumb Code     2  heapauxi.o(.text)
    __rt_heap_expand$2region                 0x0800f891   Thumb Code     2  heapauxi.o(.text)
    __I$use$semihosting                      0x0800f893   Thumb Code     0  use_no_semi.o(.text)
    __use_no_semihosting_swi                 0x0800f893   Thumb Code     2  use_no_semi.o(.text)
    __aeabi_uldivmod                         0x0800f895   Thumb Code     0  lludivv7m.o(.text)
    _ll_udiv                                 0x0800f895   Thumb Code   238  lludivv7m.o(.text)
    _printf_int_common                       0x0800f983   Thumb Code   178  _printf_intcommon.o(.text)
    __lib_sel_fp_printf                      0x0800fa35   Thumb Code     2  _printf_fp_dec.o(.text)
    _printf_fp_dec_real                      0x0800fbe3   Thumb Code   616  _printf_fp_dec.o(.text)
    _printf_char_common                      0x0800fe57   Thumb Code    32  _printf_char_common.o(.text)
    _sputc                                   0x0800fe7d   Thumb Code    10  _sputc.o(.text)
    _printf_cs_common                        0x0800fe87   Thumb Code    20  _printf_char.o(.text)
    _printf_char                             0x0800fe9b   Thumb Code    16  _printf_char.o(.text)
    _printf_string                           0x0800feab   Thumb Code     8  _printf_char.o(.text)
    _printf_char_file                        0x0800feb5   Thumb Code    32  _printf_char_file.o(.text)
    __aeabi_memcpy4                          0x0800fed9   Thumb Code     0  rt_memcpy_w.o(.text)
    __aeabi_memcpy8                          0x0800fed9   Thumb Code     0  rt_memcpy_w.o(.text)
    __rt_memcpy_w                            0x0800fed9   Thumb Code   100  rt_memcpy_w.o(.text)
    _memcpy_lastbytes_aligned                0x0800ff21   Thumb Code     0  rt_memcpy_w.o(.text)
    __rt_locale                              0x0800ff3d   Thumb Code     8  rt_locale_intlibspace.o(.text)
    _ll_udiv10                               0x0800ff45   Thumb Code   138  lludiv10.o(.text)
    _printf_fp_infnan                        0x0800ffd1   Thumb Code   112  _printf_fp_infnan.o(.text)
    _btod_etento                             0x08010051   Thumb Code   212  bigflt0.o(.text)
    ferror                                   0x08010129   Thumb Code     8  ferror.o(.text)
    __user_libspace                          0x08010131   Thumb Code     8  libspace.o(.text)
    __user_perproc_libspace                  0x08010131   Thumb Code     0  libspace.o(.text)
    __user_perthread_libspace                0x08010131   Thumb Code     0  libspace.o(.text)
    __user_setup_stackheap                   0x08010139   Thumb Code    74  sys_stackheap_outer.o(.text)
    exit                                     0x08010183   Thumb Code    12  exit.o(.text)
    _btod_d2e                                0x0801018f   Thumb Code    62  btod.o(CL$$btod_d2e)
    _d2e_denorm_low                          0x080101cd   Thumb Code    70  btod.o(CL$$btod_d2e_denorm_low)
    _d2e_norm_op1                            0x08010213   Thumb Code    96  btod.o(CL$$btod_d2e_norm_op1)
    __btod_div_common                        0x08010273   Thumb Code   696  btod.o(CL$$btod_div_common)
    _e2e                                     0x080105ab   Thumb Code   198  btod.o(CL$$btod_e2e)
    _btod_ediv                               0x08010671   Thumb Code    40  btod.o(CL$$btod_ediv)
    _btod_emul                               0x08010699   Thumb Code    40  btod.o(CL$$btod_emul)
    __btod_mult_common                       0x080106c1   Thumb Code   580  btod.o(CL$$btod_mult_common)
    __ARM_fpclassify                         0x08010905   Thumb Code    40  fpclassify.o(i.__ARM_fpclassify)
    _is_digit                                0x0801092d   Thumb Code    14  __printf_wp.o(i._is_digit)
    _get_lc_numeric                          0x0801093d   Thumb Code    44  lc_numeric_c.o(locale$$code)
    __aeabi_d2f                              0x08010969   Thumb Code     0  d2f.o(x$fpl$d2f)
    _d2f                                     0x08010969   Thumb Code    98  d2f.o(x$fpl$d2f)
    __aeabi_d2uiz                            0x080109cd   Thumb Code     0  dfixu.o(x$fpl$dfixu)
    _dfixu                                   0x080109cd   Thumb Code    90  dfixu.o(x$fpl$dfixu)
    __aeabi_ui2d                             0x08010a27   Thumb Code     0  dflt_clz.o(x$fpl$dfltu)
    _dfltu                                   0x08010a27   Thumb Code    38  dflt_clz.o(x$fpl$dfltu)
    __aeabi_dmul                             0x08010a4d   Thumb Code     0  dmul.o(x$fpl$dmul)
    _dmul                                    0x08010a4d   Thumb Code   332  dmul.o(x$fpl$dmul)
    __fpl_dnaninf                            0x08010ba1   Thumb Code   156  dnaninf.o(x$fpl$dnaninf)
    __fpl_dretinf                            0x08010c3d   Thumb Code    12  dretinf.o(x$fpl$dretinf)
    __aeabi_f2d                              0x08010c49   Thumb Code     0  f2d.o(x$fpl$f2d)
    _f2d                                     0x08010c49   Thumb Code    86  f2d.o(x$fpl$f2d)
    __aeabi_ui2f                             0x08010ca1   Thumb Code     0  fflt_clz.o(x$fpl$ffltu)
    _ffltu                                   0x08010ca1   Thumb Code    38  fflt_clz.o(x$fpl$ffltu)
    __fpl_fnaninf                            0x08010cc7   Thumb Code   140  fnaninf.o(x$fpl$fnaninf)
    __fpl_fretinf                            0x08010d53   Thumb Code    10  fretinf.o(x$fpl$fretinf)
    _printf_fp_dec                           0x08010d5d   Thumb Code     4  printf1.o(x$fpl$printf1)
    __I$use$fp                               0x08010d60   Number         0  usenofp.o(x$fpl$usenofp)
    asc2_1206                                0x08010d60   Data        1140  lcd.o(.constdata)
    asc2_1608                                0x080111d4   Data        1520  lcd.o(.constdata)
    asc2_2412                                0x080117c4   Data        3420  lcd.o(.constdata)
    memtblsize                               0x08012520   Data           8  malloc.o(.constdata)
    memblksize                               0x08012528   Data           8  malloc.o(.constdata)
    memsize                                  0x08012530   Data           8  malloc.o(.constdata)
    FILE_TYPE_TBL                            0x08012574   Data         312  exfuns.o(.constdata)
    Region$$Table$$Base                      0x0803d8e0   Number         0  anon$$obj.o(Region$$Table)
    Region$$Table$$Limit                     0x0803d900   Number         0  anon$$obj.o(Region$$Table)
    res                                      0x20000000   Data           1  main.o(.data)
    bww                                      0x20000004   Data           4  main.o(.data)
    SystemCoreClock                          0x20000008   Data           4  system_stm32f10x.o(.data)
    AHBPrescTable                            0x2000000c   Data          16  system_stm32f10x.o(.data)
    POINT_COLOR                              0x2000001c   Data           2  lcd.o(.data)
    BACK_COLOR                               0x2000001e   Data           2  lcd.o(.data)
    W25QXX_TYPE                              0x20000020   Data           2  w25qxx.o(.data)
    TransferError                            0x2000002e   Data           1  sdio_sdcard.o(.data)
    TransferEnd                              0x2000002f   Data           1  sdio_sdcard.o(.data)
    tempbuff                                 0x20000030   Data           4  sdio_sdcard.o(.data)
    DMA1_MEM_LEN                             0x20000034   Data           2  dma.o(.data)
    __stdout                                 0x2000003c   Data           4  usart.o(.data)
    USART_RX_STA                             0x20000040   Data           2  usart.o(.data)
    mallco_dev                               0x20000058   Data          28  malloc.o(.data)
    FLASH_SECTOR_COUNT                       0x20000074   Data           2  diskio.o(.data)
    fs                                       0x20000084   Data           8  exfuns.o(.data)
    file                                     0x2000008c   Data           4  exfuns.o(.data)
    ftemp                                    0x20000090   Data           4  exfuns.o(.data)
    br                                       0x20000094   Data           4  exfuns.o(.data)
    bw                                       0x20000098   Data           4  exfuns.o(.data)
    fatbuf                                   0x2000009c   Data           4  exfuns.o(.data)
    sys_cmd_tab                              0x200000a0   Data          28  usmart.o(.data)
    usmart_nametab                           0x200000bc   Data         264  usmart_config.o(.data)
    usmart_dev                               0x200001c4   Data         244  usmart_config.o(.data)
    fil                                      0x200002b8   Data         552  main.o(.bss)
    buf                                      0x200004e0   Data         100  main.o(.bss)
    prebuf                                   0x20000544   Data          40  main.o(.bss)
    lcddev                                   0x2000056c   Data          14  lcd.o(.bss)
    W25QXX_BUFFER                            0x2000057a   Data        4096  w25qxx.o(.bss)
    SDIO_InitStructure                       0x20001580   Data          24  sdio_sdcard.o(.bss)
    SDIO_CmdInitStructure                    0x20001598   Data          20  sdio_sdcard.o(.bss)
    SDIO_DataInitStructure                   0x200015ac   Data          24  sdio_sdcard.o(.bss)
    SDCardInfo                               0x200015e8   Data          88  sdio_sdcard.o(.bss)
    SDIO_DATA_BUFFER                         0x20001640   Data         512  sdio_sdcard.o(.bss)
    DMA_InitStructure                        0x20001840   Data          44  dma.o(.bss)
    USART_RX_BUF                             0x2000186c   Data         200  usart.o(.bss)
    mem1base                                 0x20001940   Data       40960  malloc.o(.bss)
    mem1mapbase                              0x2000b940   Data        2560  malloc.o(.bss)
    fileinfo                                 0x2000c340   Data          32  exfuns.o(.bss)
    dir                                      0x2000c360   Data          36  exfuns.o(.bss)
    __libspace_start                         0x2000c384   Data          96  libspace.o(.bss)
    __temporary_stack_top$libspace           0x2000c3e4   Data           0  libspace.o(.bss)
    mem2base                                 0x68000000   Data       983040  malloc.o(.ARM.__AT_0x68000000)
    mem2mapbase                              0x680f0000   Data       61440  malloc.o(.ARM.__AT_0x680F0000)



==============================================================================

Memory Map of the image

  Image Entry point : 0x08000131

  Load Region LR_IROM1 (Base: 0x08000000, Size: 0x0003dbd4, Max: 0x00080000, ABSOLUTE, COMPRESSED[0x0003da58])

    Execution Region ER_IROM1 (Base: 0x08000000, Size: 0x0003d91c, Max: 0x00080000, ABSOLUTE)

    Base Addr    Size         Type   Attr      Idx    E Section Name        Object

    0x08000000   0x00000130   Data   RO          441    RESET               startup_stm32f10x_hd.o
    0x08000130   0x00000008   Code   RO          814  * !!!main             c_w.l(__main.o)
    0x08000138   0x00000034   Code   RO         1075    !!!scatter          c_w.l(__scatter.o)
    0x0800016c   0x0000005a   Code   RO         1073    !!dczerorl2         c_w.l(__dczerorl2.o)
    0x080001c6   0x00000002   PAD
    0x080001c8   0x0000001c   Code   RO         1077    !!handler_zi        c_w.l(__scatter_zi.o)
    0x080001e4   0x00000000   Code   RO          805    .ARM.Collect$$_printf_percent$$00000000  c_w.l(_printf_percent.o)
    0x080001e4   0x00000006   Code   RO          804    .ARM.Collect$$_printf_percent$$00000003  c_w.l(_printf_f.o)
    0x080001ea   0x00000006   Code   RO          802    .ARM.Collect$$_printf_percent$$00000009  c_w.l(_printf_d.o)
    0x080001f0   0x00000006   Code   RO          803    .ARM.Collect$$_printf_percent$$0000000A  c_w.l(_printf_u.o)
    0x080001f6   0x00000006   Code   RO          801    .ARM.Collect$$_printf_percent$$0000000C  c_w.l(_printf_x.o)
    0x080001fc   0x00000006   Code   RO          799    .ARM.Collect$$_printf_percent$$00000013  c_w.l(_printf_c.o)
    0x08000202   0x00000006   Code   RO          800    .ARM.Collect$$_printf_percent$$00000014  c_w.l(_printf_s.o)
    0x08000208   0x00000004   Code   RO          857    .ARM.Collect$$_printf_percent$$00000017  c_w.l(_printf_percent_end.o)
    0x0800020c   0x00000002   Code   RO          949    .ARM.Collect$$libinit$$00000000  c_w.l(libinit.o)
    0x0800020e   0x00000000   Code   RO          951    .ARM.Collect$$libinit$$00000002  c_w.l(libinit2.o)
    0x0800020e   0x00000000   Code   RO          954    .ARM.Collect$$libinit$$00000008  c_w.l(libinit2.o)
    0x0800020e   0x00000000   Code   RO          956    .ARM.Collect$$libinit$$0000000A  c_w.l(libinit2.o)
    0x0800020e   0x00000000   Code   RO          958    .ARM.Collect$$libinit$$0000000C  c_w.l(libinit2.o)
    0x0800020e   0x00000006   Code   RO          959    .ARM.Collect$$libinit$$0000000D  c_w.l(libinit2.o)
    0x08000214   0x00000000   Code   RO          961    .ARM.Collect$$libinit$$0000000F  c_w.l(libinit2.o)
    0x08000214   0x00000000   Code   RO          963    .ARM.Collect$$libinit$$00000011  c_w.l(libinit2.o)
    0x08000214   0x00000000   Code   RO          965    .ARM.Collect$$libinit$$00000013  c_w.l(libinit2.o)
    0x08000214   0x0000000a   Code   RO          966    .ARM.Collect$$libinit$$00000014  c_w.l(libinit2.o)
    0x0800021e   0x00000000   Code   RO          967    .ARM.Collect$$libinit$$00000015  c_w.l(libinit2.o)
    0x0800021e   0x00000000   Code   RO          969    .ARM.Collect$$libinit$$00000017  c_w.l(libinit2.o)
    0x0800021e   0x00000000   Code   RO          971    .ARM.Collect$$libinit$$00000019  c_w.l(libinit2.o)
    0x0800021e   0x00000000   Code   RO          973    .ARM.Collect$$libinit$$0000001B  c_w.l(libinit2.o)
    0x0800021e   0x00000000   Code   RO          975    .ARM.Collect$$libinit$$0000001D  c_w.l(libinit2.o)
    0x0800021e   0x00000000   Code   RO          977    .ARM.Collect$$libinit$$0000001F  c_w.l(libinit2.o)
    0x0800021e   0x00000000   Code   RO          979    .ARM.Collect$$libinit$$00000021  c_w.l(libinit2.o)
    0x0800021e   0x00000000   Code   RO          981    .ARM.Collect$$libinit$$00000023  c_w.l(libinit2.o)
    0x0800021e   0x00000000   Code   RO          985    .ARM.Collect$$libinit$$0000002A  c_w.l(libinit2.o)
    0x0800021e   0x00000000   Code   RO          987    .ARM.Collect$$libinit$$0000002C  c_w.l(libinit2.o)
    0x0800021e   0x00000000   Code   RO          989    .ARM.Collect$$libinit$$0000002E  c_w.l(libinit2.o)
    0x0800021e   0x00000000   Code   RO          991    .ARM.Collect$$libinit$$00000030  c_w.l(libinit2.o)
    0x0800021e   0x00000002   Code   RO          992    .ARM.Collect$$libinit$$00000031  c_w.l(libinit2.o)
    0x08000220   0x00000002   Code   RO         1034    .ARM.Collect$$libshutdown$$00000000  c_w.l(libshutdown.o)
    0x08000222   0x00000000   Code   RO         1044    .ARM.Collect$$libshutdown$$00000003  c_w.l(libshutdown2.o)
    0x08000222   0x00000000   Code   RO         1047    .ARM.Collect$$libshutdown$$00000006  c_w.l(libshutdown2.o)
    0x08000222   0x00000000   Code   RO         1050    .ARM.Collect$$libshutdown$$00000009  c_w.l(libshutdown2.o)
    0x08000222   0x00000000   Code   RO         1052    .ARM.Collect$$libshutdown$$0000000B  c_w.l(libshutdown2.o)
    0x08000222   0x00000000   Code   RO         1055    .ARM.Collect$$libshutdown$$0000000E  c_w.l(libshutdown2.o)
    0x08000222   0x00000002   Code   RO         1056    .ARM.Collect$$libshutdown$$0000000F  c_w.l(libshutdown2.o)
    0x08000224   0x00000000   Code   RO          842    .ARM.Collect$$rtentry$$00000000  c_w.l(rtentry.o)
    0x08000224   0x00000000   Code   RO          870    .ARM.Collect$$rtentry$$00000002  c_w.l(rtentry2.o)
    0x08000224   0x00000006   Code   RO          882    .ARM.Collect$$rtentry$$00000004  c_w.l(rtentry4.o)
    0x0800022a   0x00000000   Code   RO          872    .ARM.Collect$$rtentry$$00000009  c_w.l(rtentry2.o)
    0x0800022a   0x00000004   Code   RO          873    .ARM.Collect$$rtentry$$0000000A  c_w.l(rtentry2.o)
    0x0800022e   0x00000000   Code   RO          875    .ARM.Collect$$rtentry$$0000000C  c_w.l(rtentry2.o)
    0x0800022e   0x00000008   Code   RO          876    .ARM.Collect$$rtentry$$0000000D  c_w.l(rtentry2.o)
    0x08000236   0x00000002   Code   RO          993    .ARM.Collect$$rtexit$$00000000  c_w.l(rtexit.o)
    0x08000238   0x00000000   Code   RO         1004    .ARM.Collect$$rtexit$$00000002  c_w.l(rtexit2.o)
    0x08000238   0x00000004   Code   RO         1005    .ARM.Collect$$rtexit$$00000003  c_w.l(rtexit2.o)
    0x0800023c   0x00000006   Code   RO         1006    .ARM.Collect$$rtexit$$00000004  c_w.l(rtexit2.o)
    0x08000242   0x00000002   PAD
    0x08000244   0x00000310   Code   RO            1    .text               main.o
    0x08000554   0x0000001a   Code   RO          170    .text               stm32f10x_it.o
    0x0800056e   0x00000002   PAD
    0x08000570   0x000001e0   Code   RO          211    .text               system_stm32f10x.o
    0x08000750   0x0000004c   Code   RO          229    .text               led.o
    0x0800079c   0x00004a5c   Code   RO          254    .text               lcd.o
    0x080051f8   0x00000108   Code   RO          284    .text               spi.o
    0x08005300   0x00000368   Code   RO          299    .text               w25qxx.o
    0x08005668   0x00001c3c   Code   RO          318    .text               sdio_sdcard.o
    0x080072a4   0x00000108   Code   RO          344    .text               adc.o
    0x080073ac   0x00000088   Code   RO          359    .text               dma.o
    0x08007434   0x000000d4   Code   RO          375    .text               delay.o
    0x08007508   0x0000000c   Code   RO          390    .text               sys.o
    0x08007514   0x00000140   Code   RO          406    .text               usart.o
    0x08007654   0x00000040   Code   RO          442    .text               startup_stm32f10x_hd.o
    0x08007694   0x000000dc   Code   RO          446    .text               misc.o
    0x08007770   0x0000060c   Code   RO          458    .text               stm32f10x_fsmc.o
    0x08007d7c   0x0000035c   Code   RO          470    .text               stm32f10x_gpio.o
    0x080080d8   0x000003a4   Code   RO          482    .text               stm32f10x_rcc.o
    0x0800847c   0x0000030c   Code   RO          496    .text               stm32f10x_spi.o
    0x08008788   0x00000408   Code   RO          508    .text               stm32f10x_usart.o
    0x08008b90   0x00000e1a   Code   RO          520    .text               stm32f10x_tim.o
    0x080099aa   0x00000002   PAD
    0x080099ac   0x00000254   Code   RO          532    .text               stm32f10x_dma.o
    0x08009c00   0x000001d4   Code   RO          544    .text               stm32f10x_sdio.o
    0x08009dd4   0x0000044e   Code   RO          556    .text               stm32f10x_adc.o
    0x0800a222   0x00000002   PAD
    0x0800a224   0x0000022c   Code   RO          568    .text               malloc.o
    0x0800a450   0x00000200   Code   RO          590    .text               diskio.o
    0x0800a650   0x000032e4   Code   RO          608    .text               ff.o
    0x0800d934   0x000001a8   Code   RO          629    .text               exfuns.o
    0x0800dadc   0x000000b4   Code   RO          653    .text               cc936.o
    0x0800db90   0x000006c8   Code   RO          676    .text               fattester.o
    0x0800e258   0x00000c38   Code   RO          695    .text               usmart.o
    0x0800ee90   0x00000528   Code   RO          724    .text               usmart_str.o
    0x0800f3b8   0x00000002   Code   RO          738    .text               c_w.l(use_no_semi_2.o)
    0x0800f3ba   0x00000048   Code   RO          740    .text               c_w.l(llsdiv.o)
    0x0800f402   0x00000002   PAD
    0x0800f404   0x00000018   Code   RO          746    .text               c_w.l(noretval__2printf.o)
    0x0800f41c   0x00000028   Code   RO          748    .text               c_w.l(noretval__2sprintf.o)
    0x0800f444   0x0000004e   Code   RO          752    .text               c_w.l(_printf_pad.o)
    0x0800f492   0x00000052   Code   RO          754    .text               c_w.l(_printf_str.o)
    0x0800f4e4   0x00000074   Code   RO          756    .text               c_w.l(_printf_dec.o)
    0x0800f558   0x00000058   Code   RO          761    .text               c_w.l(_printf_hex_int.o)
    0x0800f5b0   0x00000188   Code   RO          796    .text               c_w.l(__printf_flags_ss_wp.o)
    0x0800f738   0x00000048   Code   RO          806    .text               c_w.l(strcpy.o)
    0x0800f780   0x0000008a   Code   RO          808    .text               c_w.l(rt_memcpy_v6.o)
    0x0800f80a   0x00000002   PAD
    0x0800f80c   0x00000080   Code   RO          810    .text               c_w.l(strcmpv7m.o)
    0x0800f88c   0x00000006   Code   RO          812    .text               c_w.l(heapauxi.o)
    0x0800f892   0x00000002   Code   RO          840    .text               c_w.l(use_no_semi.o)
    0x0800f894   0x000000ee   Code   RO          843    .text               c_w.l(lludivv7m.o)
    0x0800f982   0x000000b2   Code   RO          845    .text               c_w.l(_printf_intcommon.o)
    0x0800fa34   0x00000416   Code   RO          847    .text               c_w.l(_printf_fp_dec.o)
    0x0800fe4a   0x00000002   PAD
    0x0800fe4c   0x00000030   Code   RO          849    .text               c_w.l(_printf_char_common.o)
    0x0800fe7c   0x0000000a   Code   RO          851    .text               c_w.l(_sputc.o)
    0x0800fe86   0x0000002c   Code   RO          853    .text               c_w.l(_printf_char.o)
    0x0800feb2   0x00000002   PAD
    0x0800feb4   0x00000024   Code   RO          855    .text               c_w.l(_printf_char_file.o)
    0x0800fed8   0x00000064   Code   RO          858    .text               c_w.l(rt_memcpy_w.o)
    0x0800ff3c   0x00000008   Code   RO          891    .text               c_w.l(rt_locale_intlibspace.o)
    0x0800ff44   0x0000008a   Code   RO          893    .text               c_w.l(lludiv10.o)
    0x0800ffce   0x00000002   PAD
    0x0800ffd0   0x00000080   Code   RO          895    .text               c_w.l(_printf_fp_infnan.o)
    0x08010050   0x000000d8   Code   RO          899    .text               c_w.l(bigflt0.o)
    0x08010128   0x00000008   Code   RO          924    .text               c_w.l(ferror.o)
    0x08010130   0x00000008   Code   RO          935    .text               c_w.l(libspace.o)
    0x08010138   0x0000004a   Code   RO          938    .text               c_w.l(sys_stackheap_outer.o)
    0x08010182   0x0000000c   Code   RO          942    .text               c_w.l(exit.o)
    0x0801018e   0x0000003e   Code   RO          902    CL$$btod_d2e        c_w.l(btod.o)
    0x080101cc   0x00000046   Code   RO          904    CL$$btod_d2e_denorm_low  c_w.l(btod.o)
    0x08010212   0x00000060   Code   RO          903    CL$$btod_d2e_norm_op1  c_w.l(btod.o)
    0x08010272   0x00000338   Code   RO          912    CL$$btod_div_common  c_w.l(btod.o)
    0x080105aa   0x000000c6   Code   RO          909    CL$$btod_e2e        c_w.l(btod.o)
    0x08010670   0x00000028   Code   RO          906    CL$$btod_ediv       c_w.l(btod.o)
    0x08010698   0x00000028   Code   RO          905    CL$$btod_emul       c_w.l(btod.o)
    0x080106c0   0x00000244   Code   RO          911    CL$$btod_mult_common  c_w.l(btod.o)
    0x08010904   0x00000028   Code   RO          933    i.__ARM_fpclassify  m_ws.l(fpclassify.o)
    0x0801092c   0x0000000e   Code   RO          789    i._is_digit         c_w.l(__printf_wp.o)
    0x0801093a   0x00000002   PAD
    0x0801093c   0x0000002c   Code   RO          929    locale$$code        c_w.l(lc_numeric_c.o)
    0x08010968   0x00000062   Code   RO          816    x$fpl$d2f           fz_ws.l(d2f.o)
    0x080109ca   0x00000002   PAD
    0x080109cc   0x0000005a   Code   RO          818    x$fpl$dfixu         fz_ws.l(dfixu.o)
    0x08010a26   0x00000026   Code   RO          822    x$fpl$dfltu         fz_ws.l(dflt_clz.o)
    0x08010a4c   0x00000154   Code   RO          828    x$fpl$dmul          fz_ws.l(dmul.o)
    0x08010ba0   0x0000009c   Code   RO          860    x$fpl$dnaninf       fz_ws.l(dnaninf.o)
    0x08010c3c   0x0000000c   Code   RO          862    x$fpl$dretinf       fz_ws.l(dretinf.o)
    0x08010c48   0x00000056   Code   RO          830    x$fpl$f2d           fz_ws.l(f2d.o)
    0x08010c9e   0x00000002   PAD
    0x08010ca0   0x00000026   Code   RO          832    x$fpl$ffltu         fz_ws.l(fflt_clz.o)
    0x08010cc6   0x0000008c   Code   RO          864    x$fpl$fnaninf       fz_ws.l(fnaninf.o)
    0x08010d52   0x0000000a   Code   RO          866    x$fpl$fretinf       fz_ws.l(fretinf.o)
    0x08010d5c   0x00000004   Code   RO          838    x$fpl$printf1       fz_ws.l(printf1.o)
    0x08010d60   0x00000000   Code   RO          868    x$fpl$usenofp       fz_ws.l(usenofp.o)
    0x08010d60   0x000017c0   Data   RO          256    .constdata          lcd.o
    0x08012520   0x00000018   Data   RO          572    .constdata          malloc.o
    0x08012538   0x0000003a   Data   RO          609    .constdata          ff.o
    0x08012572   0x00000002   PAD
    0x08012574   0x00000138   Data   RO          631    .constdata          exfuns.o
    0x080126ac   0x0002acc8   Data   RO          654    .constdata          cc936.o
    0x0803d374   0x00000028   Data   RO          762    .constdata          c_w.l(_printf_hex_int.o)
    0x0803d39c   0x00000011   Data   RO          797    .constdata          c_w.l(__printf_flags_ss_wp.o)
    0x0803d3ad   0x00000003   PAD
    0x0803d3b0   0x00000094   Data   RO          900    .constdata          c_w.l(bigflt0.o)
    0x0803d444   0x00000064   Data   RO          632    .conststring        exfuns.o
    0x0803d4a8   0x00000028   Data   RO          696    .conststring        usmart.o
    0x0803d4d0   0x0000040f   Data   RO          711    .conststring        usmart_config.o
    0x0803d8df   0x00000001   PAD
    0x0803d8e0   0x00000020   Data   RO         1071    Region$$Table       anon$$obj.o
    0x0803d900   0x0000001c   Data   RO          928    locale$$data        c_w.l(lc_numeric_c.o)


    Execution Region RW_IRAM1 (Base: 0x20000000, Size: 0x0000c9e8, Max: 0x00010000, ABSOLUTE, COMPRESSED[0x0000013c])

    Base Addr    Size         Type   Attr      Idx    E Section Name        Object

    0x20000000   0x00000008   Data   RW            3    .data               main.o
    0x20000008   0x00000014   Data   RW          212    .data               system_stm32f10x.o
    0x2000001c   0x00000004   Data   RW          257    .data               lcd.o
    0x20000020   0x00000002   Data   RW          301    .data               w25qxx.o
    0x20000022   0x00000002   PAD
    0x20000024   0x00000010   Data   RW          320    .data               sdio_sdcard.o
    0x20000034   0x00000002   Data   RW          361    .data               dma.o
    0x20000036   0x00000004   Data   RW          376    .data               delay.o
    0x2000003a   0x00000002   PAD
    0x2000003c   0x00000006   Data   RW          408    .data               usart.o
    0x20000042   0x00000014   Data   RW          483    .data               stm32f10x_rcc.o
    0x20000056   0x00000002   PAD
    0x20000058   0x0000001c   Data   RW          573    .data               malloc.o
    0x20000074   0x00000002   Data   RW          591    .data               diskio.o
    0x20000076   0x00000002   PAD
    0x20000078   0x0000000a   Data   RW          610    .data               ff.o
    0x20000082   0x00000002   PAD
    0x20000084   0x0000001c   Data   RW          633    .data               exfuns.o
    0x200000a0   0x0000001c   Data   RW          697    .data               usmart.o
    0x200000bc   0x000001fc   Data   RW          712    .data               usmart_config.o
    0x200002b8   0x000002b4   Zero   RW            2    .bss                main.o
    0x2000056c   0x0000000e   Zero   RW          255    .bss                lcd.o
    0x2000057a   0x00001000   Zero   RW          300    .bss                w25qxx.o
    0x2000157a   0x00000006   PAD
    0x20001580   0x000002c0   Zero   RW          319    .bss                sdio_sdcard.o
    0x20001840   0x0000002c   Zero   RW          360    .bss                dma.o
    0x2000186c   0x000000c8   Zero   RW          407    .bss                usart.o
    0x20001934   0x0000000c   PAD
    0x20001940   0x0000aa00   Zero   RW          571    .bss                malloc.o
    0x2000c340   0x00000044   Zero   RW          630    .bss                exfuns.o
    0x2000c384   0x00000060   Zero   RW          936    .bss                c_w.l(libspace.o)
    0x2000c3e4   0x00000004   PAD
    0x2000c3e8   0x00000200   Zero   RW          440    HEAP                startup_stm32f10x_hd.o
    0x2000c5e8   0x00000400   Zero   RW          439    STACK               startup_stm32f10x_hd.o



  Load Region LR$$.ARM.__AT_0x68000000 (Base: 0x68000000, Size: 0x00000000, Max: 0x000f0000, ABSOLUTE)

    Execution Region ER$$.ARM.__AT_0x68000000 (Base: 0x68000000, Size: 0x000f0000, Max: 0x000f0000, ABSOLUTE, UNINIT)

    Base Addr    Size         Type   Attr      Idx    E Section Name        Object

    0x68000000   0x000f0000   Zero   RW          569    .ARM.__AT_0x68000000  malloc.o



  Load Region LR$$.ARM.__AT_0x680F0000 (Base: 0x680f0000, Size: 0x00000000, Max: 0x0000f000, ABSOLUTE)

    Execution Region ER$$.ARM.__AT_0x680F0000 (Base: 0x680f0000, Size: 0x0000f000, Max: 0x0000f000, ABSOLUTE, UNINIT)

    Base Addr    Size         Type   Attr      Idx    E Section Name        Object

    0x680f0000   0x0000f000   Zero   RW          570    .ARM.__AT_0x680F0000  malloc.o


==============================================================================

Image component sizes


      Code (inc. data)   RO Data    RW Data    ZI Data      Debug   Object Name

       264         10          0          0          0       1075   adc.o
       180         18     175304          0          0       2129   cc936.o
       212         18          0          4          0        995   delay.o
       512          8          0          2          0       4102   diskio.o
       136         12          0          2         44       1345   dma.o
       424         22        412         28         68       2648   exfuns.o
      1736        690          0          0          0       5608   fattester.o
     13028        144         58         10          0      37094   ff.o
     19036        162       6080          4         14      21574   lcd.o
        76          8          0          0          0        483   led.o
       784        180          0          8        692     300216   main.o
       556         18         24         28    1088000       4496   malloc.o
       220         22          0          0          0       1769   misc.o
      7228        260          0         16        704      24396   sdio_sdcard.o
       264         10          0          0          0       1085   spi.o
        64         26        304          0       1536        776   startup_stm32f10x_hd.o
      1102         26          0          0          0      10805   stm32f10x_adc.o
       596          8          0          0          0       4298   stm32f10x_dma.o
      1548         18          0          0          0       5319   stm32f10x_fsmc.o
       860         38          0          0          0       5617   stm32f10x_gpio.o
        26          0          0          0          0       1166   stm32f10x_it.o
       932         36          0         20          0       8776   stm32f10x_rcc.o
       468         22          0          0          0       7060   stm32f10x_sdio.o
       780         14          0          0          0       6498   stm32f10x_spi.o
      3610         88          0          0          0      22100   stm32f10x_tim.o
      1032         22          0          0          0       8340   stm32f10x_usart.o
        12          0          0          0          0        603   sys.o
       480         38          0         20          0       1695   system_stm32f10x.o
       320         16          0          6        200       3106   usart.o
      3128       1288         40         28          0       4274   usmart.o
         0          0       1039        508          0       1656   usmart_config.o
      1320         12          0          0          0       5025   usmart_str.o
       872         30          0          2       4096       4281   w25qxx.o

    ----------------------------------------------------------------------
     61812       3264     183296        696    1095372     510410   Object Totals
         0          0         32          0          0          0   (incl. Generated)
         6          0          3         10         18          0   (incl. Padding)

    ----------------------------------------------------------------------

      Code (inc. data)   RO Data    RW Data    ZI Data      Debug   Library Member Name

        90          0          0          0          0          0   __dczerorl2.o
         8          0          0          0          0         68   __main.o
       392          4         17          0          0         92   __printf_flags_ss_wp.o
        14          0          0          0          0         68   __printf_wp.o
        52          8          0          0          0          0   __scatter.o
        28          0          0          0          0          0   __scatter_zi.o
         6          0          0          0          0          0   _printf_c.o
        44          0          0          0          0        108   _printf_char.o
        48          6          0          0          0         96   _printf_char_common.o
        36          4          0          0          0         80   _printf_char_file.o
         6          0          0          0          0          0   _printf_d.o
       116         16          0          0          0         92   _printf_dec.o
         6          0          0          0          0          0   _printf_f.o
      1046          0          0          0          0        216   _printf_fp_dec.o
       128         16          0          0          0         84   _printf_fp_infnan.o
        88          4         40          0          0         88   _printf_hex_int.o
       178          0          0          0          0         88   _printf_intcommon.o
        78          0          0          0          0        108   _printf_pad.o
         0          0          0          0          0          0   _printf_percent.o
         4          0          0          0          0          0   _printf_percent_end.o
         6          0          0          0          0          0   _printf_s.o
        82          0          0          0          0         80   _printf_str.o
         6          0          0          0          0          0   _printf_u.o
         6          0          0          0          0          0   _printf_x.o
        10          0          0          0          0         68   _sputc.o
       216          4        148          0          0         96   bigflt0.o
      1910        128          0          0          0        672   btod.o
        12          0          0          0          0         72   exit.o
         8          0          0          0          0         68   ferror.o
         6          0          0          0          0        152   heapauxi.o
        44         10         28          0          0         76   lc_numeric_c.o
         2          0          0          0          0          0   libinit.o
        18          0          0          0          0          0   libinit2.o
         2          0          0          0          0          0   libshutdown.o
         2          0          0          0          0          0   libshutdown2.o
         8          4          0          0         96         68   libspace.o
        72          0          0          0          0         76   llsdiv.o
       138          0          0          0          0         80   lludiv10.o
       238          0          0          0          0        100   lludivv7m.o
        24          4          0          0          0         84   noretval__2printf.o
        40          6          0          0          0         84   noretval__2sprintf.o
         8          4          0          0          0         68   rt_locale_intlibspace.o
       138          0          0          0          0         68   rt_memcpy_v6.o
       100          0          0          0          0         80   rt_memcpy_w.o
         0          0          0          0          0          0   rtentry.o
        12          0          0          0          0          0   rtentry2.o
         6          0          0          0          0          0   rtentry4.o
         2          0          0          0          0          0   rtexit.o
        10          0          0          0          0          0   rtexit2.o
       128          0          0          0          0         68   strcmpv7m.o
        72          0          0          0          0         80   strcpy.o
        74          0          0          0          0         80   sys_stackheap_outer.o
         2          0          0          0          0         68   use_no_semi.o
         2          0          0          0          0         68   use_no_semi_2.o
        98          4          0          0          0         92   d2f.o
        90          4          0          0          0         92   dfixu.o
        38          0          0          0          0         68   dflt_clz.o
       340         12          0          0          0        104   dmul.o
       156          4          0          0          0         92   dnaninf.o
        12          0          0          0          0         68   dretinf.o
        86          4          0          0          0         84   f2d.o
        38          0          0          0          0         68   fflt_clz.o
       140          4          0          0          0         84   fnaninf.o
        10          0          0          0          0         68   fretinf.o
         4          0          0          0          0         68   printf1.o
         0          0          0          0          0          0   usenofp.o
        40          0          0          0          0         68   fpclassify.o

    ----------------------------------------------------------------------
      6844        250        236          0        100       4500   Library Totals
        20          0          3          0          4          0   (incl. Padding)

    ----------------------------------------------------------------------

      Code (inc. data)   RO Data    RW Data    ZI Data      Debug   Library Name

      5772        218        233          0         96       3544   c_w.l
      1012         32          0          0          0        888   fz_ws.l
        40          0          0          0          0         68   m_ws.l

    ----------------------------------------------------------------------
      6844        250        236          0        100       4500   Library Totals

    ----------------------------------------------------------------------

==============================================================================


      Code (inc. data)   RO Data    RW Data    ZI Data      Debug   

     68656       3514     183532        696    1095472     509186   Grand Totals
     68656       3514     183532        316    1095472     509186   ELF Image Totals (compressed)
     68656       3514     183532        316          0          0   ROM Totals

==============================================================================

    Total RO  Size (Code + RO Data)               252188 ( 246.28kB)
    Total RW  Size (RW Data + ZI Data)           1096168 (1070.48kB)
    Total ROM Size (Code + RO Data + RW Data)     252504 ( 246.59kB)

==============================================================================

