<html>
<body>
<pre>
<h1>µVision Build Log</h1>
<h2>Project:</h2>
E:\Ñ§Ï°\´ó´´\stm32-103\Ð´sd¿¨3\USER\FATFS.uvprojx
Project File Date:  01/06/2018

<h2>Output:</h2>
Build target 'FATFS'
compiling main.c...
linking...
Program Size: Code=68656 RO-data=183532 RW-data=696 ZI-data=1095472  
FromELF: creating hex file...
"..\OBJ\FATFS.axf" - 0 Error(s), 0 Warning(s).
</pre>
</body>
</html>
.c...
compiling adc.c...
compiling dma.c...
compiling delay.c...
compiling sys.c...
compiling usart.c...
compiling core_cm3.c...
assembling startup_stm32f10x_hd.s...
compiling misc.c...
compiling stm32f10x_fsmc.c...
compiling stm32f10x_gpio.c...
compiling stm32f10x_rcc.c...
compiling stm32f10x_spi.c...
compiling stm32f10x_usart.c...
compiling stm32f10x_tim.c...
compiling stm32f10x_dma.c...
compiling stm32f10x_sdio.c...
compiling stm32f10x_adc.c...
compiling malloc.c...
compiling diskio.c...
compiling ff.c...
compiling exfuns.c...
compiling cc936.c...
compiling fattester.c...
compiling usmart.c...
compiling usmart_config.c...
compiling usmart_str.c...
linking...
Program Size: Code=68656 RO-data=183532 RW-data=696 ZI-data=1095472  
FromELF: creating hex file...
"..\OBJ\FATFS.axf" - 0 Error(s), 0 Warning(s).
Load "..\\OBJ\\FATFS.axf" 
Erase Done.
Programming Done.
Verify OK.
Application running ...
TFS.axf" - 0 Error(s), 1 Warning(s).
